<html>
<body>
<pre>
<h1>µVision Build Log</h1>
<h2>Tool Versions:</h2>
IDE-Version: ¦ÌVision V5.34.0.0
Copyright (C) 2021 ARM Ltd and ARM Germany GmbH. All rights reserved.
License Information: y jp, xxxxx, LIC=DSNXV-PJ7XM-NTD3G-VTWVR-LY2S0-W2VNY
 
Tool Versions:
Toolchain:       MDK-ARM Professional  Version: 5.34.0.0
Toolchain Path:  X:\Keil5MDK\ARM\ARMCC\Bin
C Compiler:      Armcc.exe V5.06 update 7 (build 960)
Assembler:       Armasm.exe V5.06 update 7 (build 960)
Linker/Locator:  ArmLink.exe V5.06 update 7 (build 960)
Library Manager: ArmAr.exe V5.06 update 7 (build 960)
Hex Converter:   FromElf.exe V5.06 update 7 (build 960)
CPU DLL:         SARMCM3.DLL V5.34.0.0
Dialog DLL:      DCM.DLL V1.17.3.0
Target DLL:      STLink\ST-LINKIII-KEIL_SWO.dll V3.0.8.0
Dialog DLL:      TCM.DLL V1.48.0.0
 
<h2>Project:</h2>
W:\github_warehouse\MasterSword\MasterSwordCode\MDK-ARM\MasterSwordCode.uvprojx
Project File Date:  01/02/2024

<h2>Output:</h2>
*** Using Compiler 'V5.06 update 7 (build 960)', folder: 'X:\Keil5MDK\ARM\ARMCC\Bin'
Build target 'MasterSwordCode'
compiling freertos.c...
../Peripheral/RC522/rc522_use.h(4): warning:  #1295-D: Deprecated declaration rc522_test - give arg types
  void rc522_test();
../Core/Src/freertos.c(93): warning:  #223-D: function "MFRC522_Init" declared implicitly
  	MFRC522_Init();
../Core/Src/freertos.c: 2 warnings, 0 errors
linking...
Program Size: Code=22160 RO-data=628 RW-data=332 ZI-data=6772  
FromELF: creating hex file...
"MasterSwordCode\MasterSwordCode.axf" - 0 Error(s), 2 Warning(s).

<h2>Software Packages used:</h2>

Package Vendor: ARM
                http://www.keil.com/pack/ARM.CMSIS.5.7.0.pack
                ARM.CMSIS.5.7.0
                CMSIS (Cortex Microcontroller Software Interface Standard)
   * Component: CORE Version: 5.4.0

Package Vendor: Keil
                https://www.keil.com/pack/Keil.STM32F1xx_DFP.2.4.1.pack
                Keil.STM32F1xx_DFP.2.4.1
                STMicroelectronics STM32F1 Series Device Support, Drivers and Examples

<h2>Collection of Component include folders:</h2>
  .\RTE\_MasterSwordCode
  X:\Keil5MDK\ARM_pack\ARM\CMSIS\5.7.0\CMSIS\Core\Include
  X:\Keil5MDK\ARM_pack\Keil\STM32F1xx_DFP\2.4.1\Device\Include

<h2>Collection of Component Files used:</h2>

   * Component: ARM::CMSIS:CORE:5.4.0
      Include file:  CMSIS\Core\Include\tz_context.h
Build Time Elapsed:  00:00:01
</pre>
</body>
</html>
