Component: ARM Compiler 5.06 update 7 (build 960) Tool: armlink [4d3601]

==============================================================================

Section Cross References

    startup_stm32f103xb.o(RESET) refers to startup_stm32f103xb.o(STACK) for __initial_sp
    startup_stm32f103xb.o(RESET) refers to startup_stm32f103xb.o(.text) for Reset_Handler
    startup_stm32f103xb.o(RESET) refers to stm32f1xx_it.o(i.NMI_Handler) for NMI_Handler
    startup_stm32f103xb.o(RESET) refers to stm32f1xx_it.o(i.HardFault_Handler) for HardFault_Handler
    startup_stm32f103xb.o(RESET) refers to stm32f1xx_it.o(i.MemManage_Handler) for MemManage_Handler
    startup_stm32f103xb.o(RESET) refers to stm32f1xx_it.o(i.BusFault_Handler) for BusFault_Handler
    startup_stm32f103xb.o(RESET) refers to stm32f1xx_it.o(i.UsageFault_Handler) for UsageFault_Handler
    startup_stm32f103xb.o(RESET) refers to port.o(.emb_text) for SVC_Handler
    startup_stm32f103xb.o(RESET) refers to stm32f1xx_it.o(i.DebugMon_Handler) for DebugMon_Handler
    startup_stm32f103xb.o(RESET) refers to port.o(i.SysTick_Handler) for SysTick_Handler
    startup_stm32f103xb.o(RESET) refers to stm32f1xx_it.o(i.DMA1_Channel1_IRQHandler) for DMA1_Channel1_IRQHandler
    startup_stm32f103xb.o(RESET) refers to stm32f1xx_it.o(i.DMA1_Channel4_IRQHandler) for DMA1_Channel4_IRQHandler
    startup_stm32f103xb.o(RESET) refers to stm32f1xx_it.o(i.TIM1_UP_IRQHandler) for TIM1_UP_IRQHandler
    startup_stm32f103xb.o(.text) refers to system_stm32f1xx.o(i.SystemInit) for SystemInit
    startup_stm32f103xb.o(.text) refers to entry.o(.ARM.Collect$$$$00000000) for __main
    main.o(i.HAL_TIM_PeriodElapsedCallback) refers to stm32f1xx_hal.o(i.HAL_IncTick) for HAL_IncTick
    main.o(i.SystemClock_Config) refers to memseta.o(.text) for __aeabi_memclr4
    main.o(i.SystemClock_Config) refers to stm32f1xx_hal_rcc.o(i.HAL_RCC_OscConfig) for HAL_RCC_OscConfig
    main.o(i.SystemClock_Config) refers to stm32f1xx_hal_rcc.o(i.HAL_RCC_ClockConfig) for HAL_RCC_ClockConfig
    main.o(i.main) refers to stm32f1xx_hal.o(i.HAL_Init) for HAL_Init
    main.o(i.main) refers to main.o(i.SystemClock_Config) for SystemClock_Config
    main.o(i.main) refers to gpio.o(i.MX_GPIO_Init) for MX_GPIO_Init
    main.o(i.main) refers to dma.o(i.MX_DMA_Init) for MX_DMA_Init
    main.o(i.main) refers to i2c.o(i.MX_I2C1_Init) for MX_I2C1_Init
    main.o(i.main) refers to spi.o(i.MX_SPI1_Init) for MX_SPI1_Init
    main.o(i.main) refers to tim.o(i.MX_TIM4_Init) for MX_TIM4_Init
    main.o(i.main) refers to usart.o(i.MX_USART1_UART_Init) for MX_USART1_UART_Init
    main.o(i.main) refers to printfa.o(i.__0printf) for __2printf
    main.o(i.main) refers to stm32f1xx_hal.o(i.HAL_Delay) for HAL_Delay
    main.o(i.main) refers to rc522.o(i.MFRC522_Init) for MFRC522_Init
    main.o(i.main) refers to mpu6050.o(i.MPU6050_Init) for MPU6050_Init
    main.o(i.main) refers to freertos.o(i.MX_FREERTOS_Init) for MX_FREERTOS_Init
    main.o(i.main) refers to cmsis_os.o(i.osKernelStart) for osKernelStart
    main.o(i.main) refers to i2c.o(.bss) for hi2c1
    gpio.o(i.MX_GPIO_Init) refers to stm32f1xx_hal_gpio.o(i.HAL_GPIO_WritePin) for HAL_GPIO_WritePin
    gpio.o(i.MX_GPIO_Init) refers to stm32f1xx_hal_gpio.o(i.HAL_GPIO_Init) for HAL_GPIO_Init
    freertos.o(i.MX_FREERTOS_Init) refers to rc522.o(i.MFRC522_Init) for MFRC522_Init
    freertos.o(i.MX_FREERTOS_Init) refers to memcpya.o(.text) for __aeabi_memcpy4
    freertos.o(i.MX_FREERTOS_Init) refers to cmsis_os.o(i.osThreadCreate) for osThreadCreate
    freertos.o(i.MX_FREERTOS_Init) refers to freertos.o(.constdata) for .constdata
    freertos.o(i.MX_FREERTOS_Init) refers to freertos.o(.data) for .data
    freertos.o(i.StartDefaultTask) refers to cmsis_os.o(i.osDelay) for osDelay
    freertos.o(i.StartGravity) refers to mpu6050.o(i.MPU6050_Read_All) for MPU6050_Read_All
    freertos.o(i.StartGravity) refers to printfa.o(i.__0printf) for __2printf
    freertos.o(i.StartGravity) refers to cmsis_os.o(i.osDelay) for osDelay
    freertos.o(i.StartGravity) refers to freertos.o(.bss) for .bss
    freertos.o(i.StartGravity) refers to i2c.o(.bss) for hi2c1
    freertos.o(i.StartSideLight) refers to cmsis_os.o(i.osDelay) for osDelay
    freertos.o(i.StartSideLight) refers to ws2812.o(i.rainbowCycle) for rainbowCycle
    freertos.o(i.StartSwipingCard) refers to rc522_use.o(i.rc522_test) for rc522_test
    freertos.o(i.StartSwipingCard) refers to cmsis_os.o(i.osDelay) for osDelay
    freertos.o(i.vApplicationGetIdleTaskMemory) refers to freertos.o(.bss) for .bss
    freertos.o(.constdata) refers to freertos.o(.conststring) for .conststring
    freertos.o(.constdata) refers to freertos.o(i.StartDefaultTask) for StartDefaultTask
    freertos.o(.constdata) refers to freertos.o(i.StartSideLight) for StartSideLight
    freertos.o(.constdata) refers to freertos.o(i.StartGravity) for StartGravity
    freertos.o(.constdata) refers to freertos.o(i.StartSwipingCard) for StartSwipingCard
[...]
    I2C_IsAcknowledgeFailed                  0x080025e1   Thumb Code    46  stm32f1xx_hal_i2c.o(i.I2C_IsAcknowledgeFailed)
    i.I2C_RequestMemoryRead                  0x08002610   Section        0  stm32f1xx_hal_i2c.o(i.I2C_RequestMemoryRead)
    I2C_RequestMemoryRead                    0x08002611   Thumb Code   246  stm32f1xx_hal_i2c.o(i.I2C_RequestMemoryRead)
    i.I2C_RequestMemoryWrite                 0x0800270c   Section        0  stm32f1xx_hal_i2c.o(i.I2C_RequestMemoryWrite)
    I2C_RequestMemoryWrite                   0x0800270d   Thumb Code   162  stm32f1xx_hal_i2c.o(i.I2C_RequestMemoryWrite)
    i.I2C_WaitOnBTFFlagUntilTimeout          0x080027b4   Section        0  stm32f1xx_hal_i2c.o(i.I2C_WaitOnBTFFlagUntilTimeout)
    I2C_WaitOnBTFFlagUntilTimeout            0x080027b5   Thumb Code    86  stm32f1xx_hal_i2c.o(i.I2C_WaitOnBTFFlagUntilTimeout)
    i.I2C_WaitOnFlagUntilTimeout             0x0800280c   Section        0  stm32f1xx_hal_i2c.o(i.I2C_WaitOnFlagUntilTimeout)
    I2C_WaitOnFlagUntilTimeout               0x0800280d   Thumb Code   144  stm32f1xx_hal_i2c.o(i.I2C_WaitOnFlagUntilTimeout)
    i.I2C_WaitOnMasterAddressFlagUntilTimeout 0x0800289c   Section        0  stm32f1xx_hal_i2c.o(i.I2C_WaitOnMasterAddressFlagUntilTimeout)
    I2C_WaitOnMasterAddressFlagUntilTimeout  0x0800289d   Thumb Code   188  stm32f1xx_hal_i2c.o(i.I2C_WaitOnMasterAddressFlagUntilTimeout)
    i.I2C_WaitOnRXNEFlagUntilTimeout         0x08002958   Section        0  stm32f1xx_hal_i2c.o(i.I2C_WaitOnRXNEFlagUntilTimeout)
    I2C_WaitOnRXNEFlagUntilTimeout           0x08002959   Thumb Code   112  stm32f1xx_hal_i2c.o(i.I2C_WaitOnRXNEFlagUntilTimeout)
    i.I2C_WaitOnTXEFlagUntilTimeout          0x080029c8   Section        0  stm32f1xx_hal_i2c.o(i.I2C_WaitOnTXEFlagUntilTimeout)
    I2C_WaitOnTXEFlagUntilTimeout            0x080029c9   Thumb Code    86  stm32f1xx_hal_i2c.o(i.I2C_WaitOnTXEFlagUntilTimeout)
    i.Kalman_getAngle                        0x08002a1e   Section        0  mpu6050.o(i.Kalman_getAngle)
    i.MFRC522_AntennaOn                      0x08002baa   Section        0  rc522.o(i.MFRC522_AntennaOn)
    i.MFRC522_Anticoll                       0x08002bc4   Section        0  rc522.o(i.MFRC522_Anticoll)
    i.MFRC522_Auth                           0x08002c06   Section        0  rc522.o(i.MFRC522_Auth)
    i.MFRC522_CalculateCRC                   0x08002c58   Section        0  rc522.o(i.MFRC522_CalculateCRC)
    i.MFRC522_ClearBitMask                   0x08002cb6   Section        0  rc522.o(i.MFRC522_ClearBitMask)
    i.MFRC522_Halt                           0x08002cce   Section        0  rc522.o(i.MFRC522_Halt)
    i.MFRC522_Init                           0x08002cfa   Section        0  rc522.o(i.MFRC522_Init)
    i.MFRC522_Read                           0x08002d48   Section        0  rc522.o(i.MFRC522_Read)
    i.MFRC522_ReadRegister                   0x08002d7a   Section        0  rc522.o(i.MFRC522_ReadRegister)
    i.MFRC522_Request                        0x08002d88   Section        0  rc522.o(i.MFRC522_Request)
    i.MFRC522_Reset                          0x08002db8   Section        0  rc522.o(i.MFRC522_Reset)
    i.MFRC522_SelectTag                      0x08002e34   Section        0  rc522.o(i.MFRC522_SelectTag)
    i.MFRC522_SetBitMask                     0x08002e86   Section        0  rc522.o(i.MFRC522_SetBitMask)
    i.MFRC522_ToCard                         0x08002e9e   Section        0  rc522.o(i.MFRC522_ToCard)
    i.MFRC522_WriteRegister                  0x08002fb2   Section        0  rc522.o(i.MFRC522_WriteRegister)
    i.MPU6050_Init                           0x08002fbc   Section        0  mpu6050.o(i.MPU6050_Init)
    i.MPU6050_Read_All                       0x08003050   Section        0  mpu6050.o(i.MPU6050_Read_All)
    i.MX_DMA_Init                            0x08003290   Section        0  dma.o(i.MX_DMA_Init)
    i.MX_FREERTOS_Init                       0x080032cc   Section        0  freertos.o(i.MX_FREERTOS_Init)
    i.MX_GPIO_Init                           0x08003338   Section        0  gpio.o(i.MX_GPIO_Init)
    i.MX_I2C1_Init                           0x080033d8   Section        0  i2c.o(i.MX_I2C1_Init)
    i.MX_SPI1_Init                           0x08003418   Section        0  spi.o(i.MX_SPI1_Init)
    i.MX_TIM4_Init                           0x08003460   Section        0  tim.o(i.MX_TIM4_Init)
    i.MX_USART1_UART_Init                    0x080034dc   Section        0  usart.o(i.MX_USART1_UART_Init)
    i.MemManage_Handler                      0x08003514   Section        0  stm32f1xx_it.o(i.MemManage_Handler)
    i.NMI_Handler                            0x08003516   Section        0  stm32f1xx_it.o(i.NMI_Handler)
    i.SPI2SendByte                           0x08003518   Section        0  rc522.o(i.SPI2SendByte)
    i.SPI2_ReadReg                           0x08003538   Section        0  rc522.o(i.SPI2_ReadReg)
    i.SPI2_WriteReg                          0x08003568   Section        0  rc522.o(i.SPI2_WriteReg)
    i.SPI_EndRxTxTransaction                 0x08003598   Section        0  stm32f1xx_hal_spi.o(i.SPI_EndRxTxTransaction)
    SPI_EndRxTxTransaction                   0x08003599   Thumb Code    32  stm32f1xx_hal_spi.o(i.SPI_EndRxTxTransaction)
    i.SPI_WaitFlagStateUntilTimeout          0x080035b8   Section        0  stm32f1xx_hal_spi.o(i.SPI_WaitFlagStateUntilTimeout)
    SPI_WaitFlagStateUntilTimeout            0x080035b9   Thumb Code   180  stm32f1xx_hal_spi.o(i.SPI_WaitFlagStateUntilTimeout)
    i.StartDefaultTask                       0x08003670   Section        0  freertos.o(i.StartDefaultTask)
    i.StartGravity                           0x08003678   Section        0  freertos.o(i.StartGravity)
    i.StartSideLight                         0x080036b8   Section        0  freertos.o(i.StartSideLight)
    i.StartSwipingCard                       0x080036c6   Section        0  freertos.o(i.StartSwipingCard)
    i.SysTick_Handler                        0x080036d4   Section        0  port.o(i.SysTick_Handler)
    i.SystemClock_Config                     0x08003700   Section        0  main.o(i.SystemClock_Config)
    i.SystemInit                             0x0800375e   Section        0  system_stm32f1xx.o(i.SystemInit)
    i.TIM1_UP_IRQHandler                     0x08003760   Section        0  stm32f1xx_it.o(i.TIM1_UP_IRQHandler)
    i.TIM_Base_SetConfig                     0x0800376c   Section        0  stm32f1xx_hal_tim.o(i.TIM_Base_SetConfig)
    i.TIM_CCxChannelCmd                      0x080037d8   Section        0  stm32f1xx_hal_tim.o(i.TIM_CCxChannelCmd)
    i.TIM_DMADelayPulseCplt                  0x080037f2   Section        0  stm32f1xx_hal_tim.o(i.TIM_DMADelayPulseCplt)
    TIM_DMADelayPulseCplt                    0x080037f3   Thumb Code    94  stm32f1xx_hal_tim.o(i.TIM_DMADelayPulseCplt)
    i.TIM_DMADelayPulseHalfCplt              0x08003850   Section        0  stm32f1xx_hal_tim.o(i.TIM_DMADelayPulseHalfCplt)
    i.TIM_DMAError                           0x08003888   Section        0  stm32f1xx_hal_tim.o(i.TIM_DMAError)
    i.TIM_OC1_SetConfig                      0x080038dc   Section        0  stm32f1xx_hal_tim.o(i.TIM_OC1_SetConfig)
    TIM_OC1_SetConfig                        0x080038dd   Thumb Code    74  stm32f1xx_hal_tim.o(i.TIM_OC1_SetConfig)
    i.TIM_OC2_SetConfig                      0x0800392c   Section        0  stm32f1xx_hal_tim.o(i.TIM_OC2_SetConfig)
    i.TIM_OC3_SetConfig                      0x08003984   Section        0  stm32f1xx_hal_tim.o(i.TIM_OC3_SetConfig)
    TIM_OC3_SetConfig                        0x08003985   Thumb Code    82  stm32f1xx_hal_tim.o(i.TIM_OC3_SetConfig)
    i.TIM_OC4_SetConfig                      0x080039dc   Section        0  stm32f1xx_hal_tim.o(i.TIM_OC4_SetConfig)
    TIM_OC4_SetConfig                        0x080039dd   Thumb Code    64  stm32f1xx_hal_tim.o(i.TIM_OC4_SetConfig)
    i.UART_SetConfig                         0x08003a20   Section        0  stm32f1xx_hal_uart.o(i.UART_SetConfig)
    UART_SetConfig                           0x08003a21   Thumb Code   178  stm32f1xx_hal_uart.o(i.UART_SetConfig)
    i.UART_WaitOnFlagUntilTimeout            0x08003ad8   Section        0  stm32f1xx_hal_uart.o(i.UART_WaitOnFlagUntilTimeout)
    UART_WaitOnFlagUntilTimeout              0x08003ad9   Thumb Code   120  stm32f1xx_hal_uart.o(i.UART_WaitOnFlagUntilTimeout)
    i.UsageFault_Handler                     0x08003b50   Section        0  stm32f1xx_it.o(i.UsageFault_Handler)
    i.WS2812_SetPixelColor                   0x08003b54   Section        0  ws2812.o(i.WS2812_SetPixelColor)
    i.WS_Load1                               0x08003b88   Section        0  ws2812.o(i.WS_Load1)
    i.WS_Load2                               0x08003ba0   Section        0  ws2812.o(i.WS_Load2)
    i.Wheel                                  0x08003bb8   Section        0  ws2812.o(i.Wheel)
    i.__0printf                              0x08003c04   Section        0  printfa.o(i.__0printf)
    i.__ARM_fpclassify                       0x08003c24   Section        0  fpclassify.o(i.__ARM_fpclassify)
    i.__NVIC_SetPriority                     0x08003c4c   Section        0  stm32f1xx_hal_cortex.o(i.__NVIC_SetPriority)
    __NVIC_SetPriority                       0x08003c4d   Thumb Code    32  stm32f1xx_hal_cortex.o(i.__NVIC_SetPriority)
    i.__kernel_poly                          0x08003c6c   Section        0  poly.o(i.__kernel_poly)
    i.__mathlib_dbl_infnan                   0x08003d16   Section        0  dunder.o(i.__mathlib_dbl_infnan)
    i.__mathlib_dbl_infnan2                  0x08003d1c   Section        0  dunder.o(i.__mathlib_dbl_infnan2)
    i.__mathlib_dbl_underflow                0x08003d20   Section        0  dunder.o(i.__mathlib_dbl_underflow)
    i.__scatterload_copy                     0x08003d30   Section       14  handlers.o(i.__scatterload_copy)
    i.__scatterload_null                     0x08003d3e   Section        2  handlers.o(i.__scatterload_null)
    i.__scatterload_zeroinit                 0x08003d40   Section       14  handlers.o(i.__scatterload_zeroinit)
    i.__set_errno                            0x08003d50   Section        0  errno.o(i.__set_errno)
    i._fp_digits                             0x08003d5c   Section        0  printfa.o(i._fp_digits)
    _fp_digits                               0x08003d5d   Thumb Code   366  printfa.o(i._fp_digits)
    i._printf_core                           0x08003ee0   Section        0  printfa.o(i._printf_core)
    _printf_core                             0x08003ee1   Thumb Code  1704  printfa.o(i._printf_core)
    i._printf_post_padding                   0x08004594   Section        0  printfa.o(i._printf_post_padding)
    _printf_post_padding                     0x08004595   Thumb Code    36  printfa.o(i._printf_post_padding)
    i._printf_pre_padding                    0x080045b8   Section        0  printfa.o(i._printf_pre_padding)
    _printf_pre_padding                      0x080045b9   Thumb Code    46  printfa.o(i._printf_pre_padding)
    i.atan                                   0x080045e8   Section        0  atan.o(i.atan)
    i.atan2                                  0x08004808   Section        0  atan2.o(i.atan2)
    i.char_to_hex                            0x080049a4   Section        0  rc522_use.o(i.char_to_hex)
    i.delay_ns                               0x080049e4   Section        0  rc522.o(i.delay_ns)
    i.fputc                                  0x080049f8   Section        0  usart.o(i.fputc)
    i.main                                   0x08004a10   Section        0  main.o(i.main)
    i.makeFreeRtosPriority                   0x08004ad0   Section        0  cmsis_os.o(i.makeFreeRtosPriority)
    makeFreeRtosPriority                     0x08004ad1   Thumb Code    12  cmsis_os.o(i.makeFreeRtosPriority)
    i.osDelay                                0x08004adc   Section        0  cmsis_os.o(i.osDelay)
    i.osKernelStart                          0x08004aea   Section        0  cmsis_os.o(i.osKernelStart)
    i.osThreadCreate                         0x08004af4   Section        0  cmsis_os.o(i.osThreadCreate)
    i.prvAddCurrentTaskToDelayedList         0x08004b48   Section        0  tasks.o(i.prvAddCurrentTaskToDelayedList)
    prvAddCurrentTaskToDelayedList           0x08004b49   Thumb Code   102  tasks.o(i.prvAddCurrentTaskToDelayedList)
    i.prvAddNewTaskToReadyList               0x08004bb8   Section        0  tasks.o(i.prvAddNewTaskToReadyList)
    prvAddNewTaskToReadyList                 0x08004bb9   Thumb Code   194  tasks.o(i.prvAddNewTaskToReadyList)
    i.prvDeleteTCB                           0x08004c88   Section        0  tasks.o(i.prvDeleteTCB)
    prvDeleteTCB                             0x08004c89   Thumb Code    52  tasks.o(i.prvDeleteTCB)
    i.prvHeapInit                            0x08004cbc   Section        0  heap_4.o(i.prvHeapInit)
    prvHeapInit                              0x08004cbd   Thumb Code    66  heap_4.o(i.prvHeapInit)
    i.prvIdleTask                            0x08004d08   Section        0  tasks.o(i.prvIdleTask)
    prvIdleTask                              0x08004d09   Thumb Code    82  tasks.o(i.prvIdleTask)
    i.prvInitialiseNewTask                   0x08004d68   Section        0  tasks.o(i.prvInitialiseNewTask)
    prvInitialiseNewTask                     0x08004d69   Thumb Code   142  tasks.o(i.prvInitialiseNewTask)
    i.prvInsertBlockIntoFreeList             0x08004df8   Section        0  heap_4.o(i.prvInsertBlockIntoFreeList)
    prvInsertBlockIntoFreeList               0x08004df9   Thumb Code    72  heap_4.o(i.prvInsertBlockIntoFreeList)
    i.prvResetNextTaskUnblockTime            0x08004e44   Section        0  tasks.o(i.prvResetNextTaskUnblockTime)
    prvResetNextTaskUnblockTime              0x08004e45   Thumb Code    26  tasks.o(i.prvResetNextTaskUnblockTime)
    i.prvTaskExitError                       0x08004e64   Section        0  port.o(i.prvTaskExitError)
    prvTaskExitError                         0x08004e65   Thumb Code    36  port.o(i.prvTaskExitError)
    i.pvPortMalloc                           0x08004e8c   Section        0  heap_4.o(i.pvPortMalloc)
    i.pxPortInitialiseStack                  0x08004f64   Section        0  port.o(i.pxPortInitialiseStack)
    i.rainbowCycle                           0x08004f88   Section        0  ws2812.o(i.rainbowCycle)
    i.rc522_test                             0x08004fe0   Section        0  rc522_use.o(i.rc522_test)
    i.sqrt                                   0x080051a0   Section        0  sqrt.o(i.sqrt)
    i.uxListRemove                           0x080051ec   Section        0  list.o(i.uxListRemove)
    i.vApplicationGetIdleTaskMemory          0x08005214   Section        0  freertos.o(i.vApplicationGetIdleTaskMemory)
    i.vListInitialise                        0x08005228   Section        0  list.o(i.vListInitialise)
    i.vListInitialiseItem                    0x0800523e   Section        0  list.o(i.vListInitialiseItem)
    i.vListInsert                            0x08005244   Section        0  list.o(i.vListInsert)
    i.vListInsertEnd                         0x08005274   Section        0  list.o(i.vListInsertEnd)
    i.vPortEnterCritical                     0x0800528c   Section        0  port.o(i.vPortEnterCritical)
    i.vPortExitCritical                      0x080052cc   Section        0  port.o(i.vPortExitCritical)
    i.vPortFree                              0x080052f4   Section        0  heap_4.o(i.vPortFree)
    i.vPortSetupTimerInterrupt               0x08005350   Section        0  port.o(i.vPortSetupTimerInterrupt)
    i.vTaskDelay                             0x08005374   Section        0  tasks.o(i.vTaskDelay)
    i.vTaskStartScheduler                    0x080053c0   Section        0  tasks.o(i.vTaskStartScheduler)
    i.vTaskSuspendAll                        0x0800542c   Section        0  tasks.o(i.vTaskSuspendAll)
    i.vTaskSwitchContext                     0x0800543c   Section        0  tasks.o(i.vTaskSwitchContext)
    i.xPortStartScheduler                    0x08005498   Section        0  port.o(i.xPortStartScheduler)
    i.xTaskCreate                            0x08005540   Section        0  tasks.o(i.xTaskCreate)
    i.xTaskCreateStatic                      0x0800559a   Section        0  tasks.o(i.xTaskCreateStatic)
    i.xTaskIncrementTick                     0x080055f0   Section        0  tasks.o(i.xTaskIncrementTick)
    i.xTaskResumeAll                         0x080056b8   Section        0  tasks.o(i.xTaskResumeAll)
    .constdata                               0x0800577c   Section      112  freertos.o(.constdata)
    .constdata                               0x080057ec   Section       18  stm32f1xx_hal_rcc.o(.constdata)
    aPredivFactorTable                       0x080057ec   Data           2  stm32f1xx_hal_rcc.o(.constdata)
    aPLLMULFactorTable                       0x080057ee   Data          16  stm32f1xx_hal_rcc.o(.constdata)
    .constdata                               0x080057fe   Section       16  system_stm32f1xx.o(.constdata)
    .constdata                               0x0800580e   Section        8  system_stm32f1xx.o(.constdata)
    .constdata                               0x08005818   Section      152  atan.o(.constdata)
    atanhi                                   0x08005818   Data          32  atan.o(.constdata)
    atanlo                                   0x08005838   Data          32  atan.o(.constdata)
    aTodd                                    0x08005858   Data          40  atan.o(.constdata)
    aTeven                                   0x08005880   Data          48  atan.o(.constdata)
    .constdata                               0x080058b0   Section        8  qnan.o(.constdata)
    .conststring                             0x080058b8   Section       44  freertos.o(.conststring)
    .data                                    0x20000000   Section       16  freertos.o(.data)
    .data                                    0x20000010   Section       12  stm32f1xx_hal.o(.data)
    .data                                    0x2000001c   Section        4  system_stm32f1xx.o(.data)
    .data                                    0x20000020   Section      152  mpu6050.o(.data)
    .data                                    0x200000b8   Section       32  rc522_use.o(.data)
    .data                                    0x200000d8   Section       12  ws2812.o(.data)
    j                                        0x200000d8   Data           1  ws2812.o(.data)
    j                                        0x200000d9   Data           1  ws2812.o(.data)
    loop                                     0x200000da   Data           1  ws2812.o(.data)
    next_time                                0x200000dc   Data           4  ws2812.o(.data)
    next_time                                0x200000e0   Data           4  ws2812.o(.data)
    .data                                    0x200000e4   Section       60  tasks.o(.data)
    pxDelayedTaskList                        0x200000e8   Data           4  tasks.o(.data)
    pxOverflowDelayedTaskList                0x200000ec   Data           4  tasks.o(.data)
    uxDeletedTasksWaitingCleanUp             0x200000f0   Data           4  tasks.o(.data)
    uxCurrentNumberOfTasks                   0x200000f4   Data           4  tasks.o(.data)
    xTickCount                               0x200000f8   Data           4  tasks.o(.data)
    uxTopReadyPriority                       0x200000fc   Data           4  tasks.o(.data)
    xSchedulerRunning                        0x20000100   Data           4  tasks.o(.data)
    uxPendedTicks                            0x20000104   Data           4  tasks.o(.data)
    xYieldPending                            0x20000108   Data           4  tasks.o(.data)
    xNumOfOverflows                          0x2000010c   Data           4  tasks.o(.data)
    uxTaskNumber                             0x20000110   Data           4  tasks.o(.data)
    xNextTaskUnblockTime                     0x20000114   Data           4  tasks.o(.data)
    xIdleTaskHandle                          0x20000118   Data           4  tasks.o(.data)
    uxSchedulerSuspended                     0x2000011c   Data           4  tasks.o(.data)
    .data                                    0x20000120   Section       24  heap_4.o(.data)
    pxEnd                                    0x20000120   Data           4  heap_4.o(.data)
    xFreeBytesRemaining                      0x20000124   Data           4  heap_4.o(.data)
    xMinimumEverFreeBytesRemaining           0x20000128   Data           4  heap_4.o(.data)
    xBlockAllocatedBit                       0x2000012c   Data           4  heap_4.o(.data)
    xStart                                   0x20000130   Data           8  heap_4.o(.data)
    .data                                    0x20000138   Section       12  port.o(.data)
    ucMaxSysCallPriority                     0x20000138   Data           1  port.o(.data)
    uxCriticalNesting                        0x2000013c   Data           4  port.o(.data)
    ulMaxPRIGROUPValue                       0x20000140   Data           4  port.o(.data)
    .data                                    0x20000144   Section        4  stdout.o(.data)
    .data                                    0x20000148   Section        4  errno.o(.data)
    _errno                                   0x20000148   Data           4  errno.o(.data)
    .bss                                     0x20000150   Section      684  freertos.o(.bss)
    xIdleTaskTCBBuffer                       0x200001a8   Data          84  freertos.o(.bss)
    xIdleStack                               0x200001fc   Data         512  freertos.o(.bss)
    .bss                                     0x200003fc   Section       84  i2c.o(.bss)
    .bss                                     0x20000450   Section       88  spi.o(.bss)
    .bss                                     0x200004a8   Section      208  tim.o(.bss)
    .bss                                     0x20000578   Section       72  usart.o(.bss)
    .bss                                     0x200005c0   Section       72  stm32f1xx_hal_timebase_tim.o(.bss)
    .bss                                     0x20000608   Section       42  rc522_use.o(.bss)
    .bss                                     0x20000632   Section     1176  ws2812.o(.bss)
    .bss                                     0x20000acc   Section      240  tasks.o(.bss)
    pxReadyTasksLists                        0x20000acc   Data         140  tasks.o(.bss)
    xDelayedTaskList1                        0x20000b58   Data          20  tasks.o(.bss)
    xDelayedTaskList2                        0x20000b6c   Data          20  tasks.o(.bss)
    xPendingReadyList                        0x20000b80   Data          20  tasks.o(.bss)
    xTasksWaitingTermination                 0x20000b94   Data          20  tasks.o(.bss)
    xSuspendedTaskList                       0x20000ba8   Data          20  tasks.o(.bss)
    .bss                                     0x20000bbc   Section     3072  heap_4.o(.bss)
    ucHeap                                   0x20000bbc   Data        3072  heap_4.o(.bss)
    STACK                                    0x200017c0   Section     1024  startup_stm32f103xb.o(STACK)

    Global Symbols

    Symbol Name                              Value     Ov Type        Size  Object(Section)

    BuildAttributes$$THM_ISAv4$P$D$K$B$S$PE$A:L22UL41UL21$X:L11$S22US41US21$IEEE1$IW$USESV6$~STKCKD$USESV7$~SHL$OTIME$ROPI$IEEEX$EBA8$MICROLIB$REQ8$PRES8$EABIv2 0x00000000   Number         0  anon$$obj.o ABSOLUTE
    __ARM_use_no_argv                        0x00000000   Number         0  main.o ABSOLUTE
    _printf_a                                0x00000000   Number         0  stubs.o ABSOLUTE
    _printf_c                                0x00000000   Number         0  stubs.o ABSOLUTE
    _printf_charcount                        0x00000000   Number         0  stubs.o ABSOLUTE
    _printf_d                                0x00000000   Number         0  stubs.o ABSOLUTE
    _printf_e                                0x00000000   Number         0  stubs.o ABSOLUTE
    _printf_f                                0x00000000   Number         0  stubs.o ABSOLUTE
    _printf_flags                            0x00000000   Number         0  stubs.o ABSOLUTE
    _printf_fp_dec                           0x00000000   Number         0  stubs.o ABSOLUTE
    _printf_fp_hex                           0x00000000   Number         0  stubs.o ABSOLUTE
    _printf_g                                0x00000000   Number         0  stubs.o ABSOLUTE
    _printf_i                                0x00000000   Number         0  stubs.o ABSOLUTE
    _printf_int_dec                          0x00000000   Number         0  stubs.o ABSOLUTE
    _printf_l                                0x00000000   Number         0  stubs.o ABSOLUTE
    _printf_lc                               0x00000000   Number         0  stubs.o ABSOLUTE
    _printf_ll                               0x00000000   Number         0  stubs.o ABSOLUTE
    _printf_lld                              0x00000000   Number         0  stubs.o ABSOLUTE
    _printf_lli                              0x00000000   Number         0  stubs.o ABSOLUTE
    _printf_llo                              0x00000000   Number         0  stubs.o ABSOLUTE
    _printf_llu                              0x00000000   Number         0  stubs.o ABSOLUTE
    _printf_llx                              0x00000000   Number         0  stubs.o ABSOLUTE
    _printf_longlong_dec                     0x00000000   Number         0  stubs.o ABSOLUTE
    _printf_longlong_hex                     0x00000000   Number         0  stubs.o ABSOLUTE
    _printf_longlong_oct                     0x00000000   Number         0  stubs.o ABSOLUTE
    _printf_ls                               0x00000000   Number         0  stubs.o ABSOLUTE
    _printf_mbtowc                           0x00000000   Number         0  stubs.o ABSOLUTE
    _printf_n                                0x00000000   Number         0  stubs.o ABSOLUTE
    _printf_o                                0x00000000   Number         0  stubs.o ABSOLUTE
    _printf_p                                0x00000000   Number         0  stubs.o ABSOLUTE
    _printf_percent                          0x00000000   Number         0  stubs.o ABSOLUTE
    _printf_pre_padding                      0x00000000   Number         0  stubs.o ABSOLUTE
    _printf_return_value                     0x00000000   Number         0  stubs.o ABSOLUTE
    _printf_s                                0x00000000   Number         0  stubs.o ABSOLUTE
    _printf_sizespec                         0x00000000   Number         0  stubs.o ABSOLUTE
    _printf_str                              0x00000000   Number         0  stubs.o ABSOLUTE
    _printf_truncate_signed                  0x00000000   Number         0  stubs.o ABSOLUTE
    _printf_truncate_unsigned                0x00000000   Number         0  stubs.o ABSOLUTE
    _printf_u                                0x00000000   Number         0  stubs.o ABSOLUTE
    _printf_wc                               0x00000000   Number         0  stubs.o ABSOLUTE
    _printf_wctomb                           0x00000000   Number         0  stubs.o ABSOLUTE
    _printf_widthprec                        0x00000000   Number         0  stubs.o ABSOLUTE
    _printf_x                                0x00000000   Number         0  stubs.o ABSOLUTE
    __arm_fini_                               - Undefined Weak Reference
    __cpp_initialize__aeabi_                  - Undefined Weak Reference
    __cxa_finalize                            - Undefined Weak Reference
    _clock_init                               - Undefined Weak Reference
    _microlib_exit                            - Undefined Weak Reference
    __Vectors_Size                           0x000000ec   Number         0  startup_stm32f103xb.o ABSOLUTE
    __Vectors                                0x08000000   Data           4  startup_stm32f103xb.o(RESET)
    __Vectors_End                            0x080000ec   Data           0  startup_stm32f103xb.o(RESET)
    __main                                   0x080000ed   Thumb Code     0  entry.o(.ARM.Collect$$$$00000000)
    _main_stk                                0x080000ed   Thumb Code     0  entry2.o(.ARM.Collect$$$$00000001)
    _main_scatterload                        0x080000f1   Thumb Code     0  entry5.o(.ARM.Collect$$$$00000004)
    __main_after_scatterload                 0x080000f5   Thumb Code     0  entry5.o(.ARM.Collect$$$$00000004)
    _main_clock                              0x080000f5   Thumb Code     0  entry7b.o(.ARM.Collect$$$$00000008)
    _main_cpp_init                           0x080000f5   Thumb Code     0  entry8b.o(.ARM.Collect$$$$0000000A)
    _main_init                               0x080000f5   Thumb Code     0  entry9a.o(.ARM.Collect$$$$0000000B)
    __rt_lib_shutdown_fini                   0x080000fd   Thumb Code     0  entry12b.o(.ARM.Collect$$$$0000000E)
    __rt_final_cpp                           0x08000101   Thumb Code     0  entry10a.o(.ARM.Collect$$$$0000000F)
    __rt_final_exit                          0x08000101   Thumb Code     0  entry11a.o(.ARM.Collect$$$$00000011)
    SVC_Handler                              0x08000105   Thumb Code    32  port.o(.emb_text)
    __asm___6_port_c_39a90d8d__prvStartFirstTask 0x08000129   Thumb Code    28  port.o(.emb_text)
    PendSV_Handler                           0x08000149   Thumb Code    72  port.o(.emb_text)
    vPortGetIPSR                             0x08000195   Thumb Code     6  port.o(.emb_text)
    Reset_Handler                            0x0800019d   Thumb Code     8  startup_stm32f103xb.o(.text)
    ADC1_2_IRQHandler                        0x080001b7   Thumb Code     0  startup_stm32f103xb.o(.text)
    CAN1_RX1_IRQHandler                      0x080001b7   Thumb Code     0  startup_stm32f103xb.o(.text)
    CAN1_SCE_IRQHandler                      0x080001b7   Thumb Code     0  startup_stm32f103xb.o(.text)
    DMA1_Channel2_IRQHandler                 0x080001b7   Thumb Code     0  startup_stm32f103xb.o(.text)
    DMA1_Channel3_IRQHandler                 0x080001b7   Thumb Code     0  startup_stm32f103xb.o(.text)
    DMA1_Channel5_IRQHandler                 0x080001b7   Thumb Code     0  startup_stm32f103xb.o(.text)
    DMA1_Channel6_IRQHandler                 0x080001b7   Thumb Code     0  startup_stm32f103xb.o(.text)
    DMA1_Channel7_IRQHandler                 0x080001b7   Thumb Code     0  startup_stm32f103xb.o(.text)
    EXTI0_IRQHandler                         0x080001b7   Thumb Code     0  startup_stm32f103xb.o(.text)
    EXTI15_10_IRQHandler                     0x080001b7   Thumb Code     0  startup_stm32f103xb.o(.text)
    EXTI1_IRQHandler                         0x080001b7   Thumb Code     0  startup_stm32f103xb.o(.text)
    EXTI2_IRQHandler                         0x080001b7   Thumb Code     0  startup_stm32f103xb.o(.text)
    EXTI3_IRQHandler                         0x080001b7   Thumb Code     0  startup_stm32f103xb.o(.text)
    EXTI4_IRQHandler                         0x080001b7   Thumb Code     0  startup_stm32f103xb.o(.text)
    EXTI9_5_IRQHandler                       0x080001b7   Thumb Code     0  startup_stm32f103xb.o(.text)
    FLASH_IRQHandler                         0x080001b7   Thumb Code     0  startup_stm32f103xb.o(.text)
    I2C1_ER_IRQHandler                       0x080001b7   Thumb Code     0  startup_stm32f103xb.o(.text)
    I2C1_EV_IRQHandler                       0x080001b7   Thumb Code     0  startup_stm32f103xb.o(.text)
    I2C2_ER_IRQHandler                       0x080001b7   Thumb Code     0  startup_stm32f103xb.o(.text)
    I2C2_EV_IRQHandler                       0x080001b7   Thumb Code     0  startup_stm32f103xb.o(.text)
    PVD_IRQHandler                           0x080001b7   Thumb Code     0  startup_stm32f103xb.o(.text)
    RCC_IRQHandler                           0x080001b7   Thumb Code     0  startup_stm32f103xb.o(.text)
    RTC_Alarm_IRQHandler                     0x080001b7   Thumb Code     0  startup_stm32f103xb.o(.text)
    RTC_IRQHandler                           0x080001b7   Thumb Code     0  startup_stm32f103xb.o(.text)
    SPI1_IRQHandler                          0x080001b7   Thumb Code     0  startup_stm32f103xb.o(.text)
    SPI2_IRQHandler                          0x080001b7   Thumb Code     0  startup_stm32f103xb.o(.text)
    TAMPER_IRQHandler                        0x080001b7   Thumb Code     0  startup_stm32f103xb.o(.text)
    TIM1_BRK_IRQHandler                      0x080001b7   Thumb Code     0  startup_stm32f103xb.o(.text)
    TIM1_CC_IRQHandler                       0x080001b7   Thumb Code     0  startup_stm32f103xb.o(.text)
    TIM1_TRG_COM_IRQHandler                  0x080001b7   Thumb Code     0  startup_stm32f103xb.o(.text)
    TIM2_IRQHandler                          0x080001b7   Thumb Code     0  startup_stm32f103xb.o(.text)
    TIM3_IRQHandler                          0x080001b7   Thumb Code     0  startup_stm32f103xb.o(.text)
    TIM4_IRQHandler                          0x080001b7   Thumb Code     0  startup_stm32f103xb.o(.text)
    USART1_IRQHandler                        0x080001b7   Thumb Code     0  startup_stm32f103xb.o(.text)
    USART2_IRQHandler                        0x080001b7   Thumb Code     0  startup_stm32f103xb.o(.text)
    USART3_IRQHandler                        0x080001b7   Thumb Code     0  startup_stm32f103xb.o(.text)
    USBWakeUp_IRQHandler                     0x080001b7   Thumb Code     0  startup_stm32f103xb.o(.text)
    USB_HP_CAN1_TX_IRQHandler                0x080001b7   Thumb Code     0  startup_stm32f103xb.o(.text)
    USB_LP_CAN1_RX0_IRQHandler               0x080001b7   Thumb Code     0  startup_stm32f103xb.o(.text)
    WWDG_IRQHandler                          0x080001b7   Thumb Code     0  startup_stm32f103xb.o(.text)
    __aeabi_llsr                             0x080001c1   Thumb Code    32  llushr.o(.text)
    _ll_ushift_r                             0x080001c1   Thumb Code     0  llushr.o(.text)
    __aeabi_memcpy                           0x080001e1   Thumb Code    36  memcpya.o(.text)
    __aeabi_memcpy4                          0x080001e1   Thumb Code     0  memcpya.o(.text)
    __aeabi_memcpy8                          0x080001e1   Thumb Code     0  memcpya.o(.text)
    __aeabi_memset                           0x08000205   Thumb Code    14  memseta.o(.text)
    __aeabi_memset4                          0x08000205   Thumb Code     0  memseta.o(.text)
    __aeabi_memset8                          0x08000205   Thumb Code     0  memseta.o(.text)
    __aeabi_memclr                           0x08000213   Thumb Code     4  memseta.o(.text)
    __aeabi_memclr4                          0x08000213   Thumb Code     0  memseta.o(.text)
    __aeabi_memclr8                          0x08000213   Thumb Code     0  memseta.o(.text)
    memset                                   0x08000217   Thumb Code    18  memseta.o(.text)
    __aeabi_fadd                             0x08000229   Thumb Code   164  fadd.o(.text)
    __aeabi_fsub                             0x080002cd   Thumb Code     6  fadd.o(.text)
    __aeabi_frsub                            0x080002d3   Thumb Code     6  fadd.o(.text)
    __aeabi_fdiv                             0x080002d9   Thumb Code   124  fdiv.o(.text)
    __aeabi_dadd                             0x08000355   Thumb Code   322  dadd.o(.text)
    __aeabi_dsub                             0x08000497   Thumb Code     6  dadd.o(.text)
    __aeabi_drsub                            0x0800049d   Thumb Code     6  dadd.o(.text)
    __aeabi_dmul                             0x080004a3   Thumb Code   228  dmul.o(.text)
    __aeabi_ddiv                             0x08000587   Thumb Code   222  ddiv.o(.text)
    __ARM_scalbn                             0x08000665   Thumb Code    46  dscalb.o(.text)
    scalbn                                   0x08000665   Thumb Code     0  dscalb.o(.text)
    __aeabi_i2f                              0x08000693   Thumb Code    18  fflti.o(.text)
    __aeabi_i2d                              0x080006a5   Thumb Code    34  dflti.o(.text)
    __aeabi_ui2d                             0x080006c7   Thumb Code    26  dfltui.o(.text)
    __aeabi_cdcmpeq                          0x080006e1   Thumb Code     0  cdcmple.o(.text)
    __aeabi_cdcmple                          0x080006e1   Thumb Code    48  cdcmple.o(.text)
    __aeabi_cdrcmple                         0x08000711   Thumb Code    48  cdrcmple.o(.text)
    __aeabi_uidiv                            0x08000741   Thumb Code     0  uidiv.o(.text)
    __aeabi_uidivmod                         0x08000741   Thumb Code    44  uidiv.o(.text)
    __aeabi_uldivmod                         0x0800076d   Thumb Code    98  uldiv.o(.text)
    __aeabi_llsl                             0x080007cf   Thumb Code    30  llshl.o(.text)
    _ll_shift_l                              0x080007cf   Thumb Code     0  llshl.o(.text)
    __aeabi_lasr                             0x080007ed   Thumb Code    36  llsshr.o(.text)
    _ll_sshift_r                             0x080007ed   Thumb Code     0  llsshr.o(.text)
    __I$use$fp                               0x08000811   Thumb Code     0  iusefp.o(.text)
    _float_round                             0x08000811   Thumb Code    18  fepilogue.o(.text)
    _float_epilogue                          0x08000823   Thumb Code    92  fepilogue.o(.text)
    _double_round                            0x0800087f   Thumb Code    30  depilogue.o(.text)
    _double_epilogue                         0x0800089d   Thumb Code   156  depilogue.o(.text)
    _dsqrt                                   0x08000939   Thumb Code   162  dsqrt.o(.text)
    __aeabi_d2ulz                            0x080009db   Thumb Code    48  dfixul.o(.text)
    __scatterload                            0x08000a0d   Thumb Code    28  init.o(.text)
    __scatterload_rt2                        0x08000a0d   Thumb Code     0  init.o(.text)
    __decompress                             0x08000a31   Thumb Code     0  __dczerorl2.o(.text)
    __decompress1                            0x08000a31   Thumb Code    86  __dczerorl2.o(.text)
    BusFault_Handler                         0x08000a87   Thumb Code     2  stm32f1xx_it.o(i.BusFault_Handler)
    DMA1_Channel1_IRQHandler                 0x08000a89   Thumb Code     6  stm32f1xx_it.o(i.DMA1_Channel1_IRQHandler)
    DMA1_Channel4_IRQHandler                 0x08000a95   Thumb Code     6  stm32f1xx_it.o(i.DMA1_Channel4_IRQHandler)
    DebugMon_Handler                         0x08000acb   Thumb Code     2  stm32f1xx_it.o(i.DebugMon_Handler)
    Error_Handler                            0x08000acd   Thumb Code     4  main.o(i.Error_Handler)
    HAL_DMA_IRQHandler                       0x08000ad1   Thumb Code   316  stm32f1xx_hal_dma.o(i.HAL_DMA_IRQHandler)
    HAL_DMA_Init                             0x08000c25   Thumb Code    84  stm32f1xx_hal_dma.o(i.HAL_DMA_Init)
    HAL_DMA_Start_IT                         0x08000c81   Thumb Code   112  stm32f1xx_hal_dma.o(i.HAL_DMA_Start_IT)
    HAL_Delay                                0x08000cf1   Thumb Code    32  stm32f1xx_hal.o(i.HAL_Delay)
    HAL_GPIO_Init                            0x08000d15   Thumb Code   446  stm32f1xx_hal_gpio.o(i.HAL_GPIO_Init)
    HAL_GPIO_WritePin                        0x08000ef5   Thumb Code    10  stm32f1xx_hal_gpio.o(i.HAL_GPIO_WritePin)
    HAL_GetTick                              0x08000f01   Thumb Code     6  stm32f1xx_hal.o(i.HAL_GetTick)
    HAL_I2C_Init                             0x08000f0d   Thumb Code   376  stm32f1xx_hal_i2c.o(i.HAL_I2C_Init)
    HAL_I2C_Mem_Read                         0x08001095   Thumb Code   574  stm32f1xx_hal_i2c.o(i.HAL_I2C_Mem_Read)
    HAL_I2C_Mem_Write                        0x080012e5   Thumb Code   294  stm32f1xx_hal_i2c.o(i.HAL_I2C_Mem_Write)
    HAL_I2C_MspInit                          0x08001415   Thumb Code    96  i2c.o(i.HAL_I2C_MspInit)
    HAL_IncTick                              0x08001485   Thumb Code    12  stm32f1xx_hal.o(i.HAL_IncTick)
    HAL_Init                                 0x08001495   Thumb Code    32  stm32f1xx_hal.o(i.HAL_Init)
    HAL_InitTick                             0x080014b9   Thumb Code   118  stm32f1xx_hal_timebase_tim.o(i.HAL_InitTick)
    HAL_MspInit                              0x08001545   Thumb Code    62  stm32f1xx_hal_msp.o(i.HAL_MspInit)
    HAL_NVIC_EnableIRQ                       0x0800158d   Thumb Code    26  stm32f1xx_hal_cortex.o(i.HAL_NVIC_EnableIRQ)
    HAL_NVIC_SetPriority                     0x080015a9   Thumb Code    60  stm32f1xx_hal_cortex.o(i.HAL_NVIC_SetPriority)
    HAL_NVIC_SetPriorityGrouping             0x080015e9   Thumb Code    26  stm32f1xx_hal_cortex.o(i.HAL_NVIC_SetPriorityGrouping)
    HAL_RCC_ClockConfig                      0x0800160d   Thumb Code   280  stm32f1xx_hal_rcc.o(i.HAL_RCC_ClockConfig)
    HAL_RCC_GetClockConfig                   0x08001739   Thumb Code    54  stm32f1xx_hal_rcc.o(i.HAL_RCC_GetClockConfig)
    HAL_RCC_GetPCLK1Freq                     0x08001779   Thumb Code    20  stm32f1xx_hal_rcc.o(i.HAL_RCC_GetPCLK1Freq)
    HAL_RCC_GetPCLK2Freq                     0x08001799   Thumb Code    20  stm32f1xx_hal_rcc.o(i.HAL_RCC_GetPCLK2Freq)
    HAL_RCC_GetSysClockFreq                  0x080017b9   Thumb Code    58  stm32f1xx_hal_rcc.o(i.HAL_RCC_GetSysClockFreq)
    HAL_RCC_OscConfig                        0x08001805   Thumb Code   778  stm32f1xx_hal_rcc.o(i.HAL_RCC_OscConfig)
    HAL_SPI_Init                             0x08001b25   Thumb Code   178  stm32f1xx_hal_spi.o(i.HAL_SPI_Init)
    HAL_SPI_MspInit                          0x08001bd9   Thumb Code    98  spi.o(i.HAL_SPI_MspInit)
    HAL_SPI_TransmitReceive                  0x08001c49   Thumb Code   494  stm32f1xx_hal_spi.o(i.HAL_SPI_TransmitReceive)
    HAL_TIMEx_BreakCallback                  0x08001e37   Thumb Code     2  stm32f1xx_hal_tim_ex.o(i.HAL_TIMEx_BreakCallback)
    HAL_TIMEx_CommutCallback                 0x08001e39   Thumb Code     2  stm32f1xx_hal_tim_ex.o(i.HAL_TIMEx_CommutCallback)
    HAL_TIMEx_MasterConfigSynchronization    0x08001e3d   Thumb Code    92  stm32f1xx_hal_tim_ex.o(i.HAL_TIMEx_MasterConfigSynchronization)
    HAL_TIM_Base_Init                        0x08001ea5   Thumb Code    90  stm32f1xx_hal_tim.o(i.HAL_TIM_Base_Init)
    HAL_TIM_Base_MspInit                     0x08001eff   Thumb Code     2  stm32f1xx_hal_tim.o(i.HAL_TIM_Base_MspInit)
    HAL_TIM_Base_Start_IT                    0x08001f01   Thumb Code    76  stm32f1xx_hal_tim.o(i.HAL_TIM_Base_Start_IT)
    HAL_TIM_ErrorCallback                    0x08001f59   Thumb Code     2  stm32f1xx_hal_tim.o(i.HAL_TIM_ErrorCallback)
    HAL_TIM_IC_CaptureCallback               0x08001f5b   Thumb Code     2  stm32f1xx_hal_tim.o(i.HAL_TIM_IC_CaptureCallback)
    HAL_TIM_IRQHandler                       0x08001f5d   Thumb Code   358  stm32f1xx_hal_tim.o(i.HAL_TIM_IRQHandler)
    HAL_TIM_MspPostInit                      0x080020c5   Thumb Code    62  tim.o(i.HAL_TIM_MspPostInit)
    HAL_TIM_OC_DelayElapsedCallback          0x08002111   Thumb Code     2  stm32f1xx_hal_tim.o(i.HAL_TIM_OC_DelayElapsedCallback)
    HAL_TIM_PWM_ConfigChannel                0x08002113   Thumb Code   204  stm32f1xx_hal_tim.o(i.HAL_TIM_PWM_ConfigChannel)
    HAL_TIM_PWM_Init                         0x080021df   Thumb Code    90  stm32f1xx_hal_tim.o(i.HAL_TIM_PWM_Init)
    HAL_TIM_PWM_MspInit                      0x08002239   Thumb Code   118  tim.o(i.HAL_TIM_PWM_MspInit)
    HAL_TIM_PWM_PulseFinishedCallback        0x080022c1   Thumb Code     2  stm32f1xx_hal_tim.o(i.HAL_TIM_PWM_PulseFinishedCallback)
    HAL_TIM_PWM_PulseFinishedHalfCpltCallback 0x080022c3   Thumb Code     2  stm32f1xx_hal_tim.o(i.HAL_TIM_PWM_PulseFinishedHalfCpltCallback)
    HAL_TIM_PWM_Start_DMA                    0x080022c5   Thumb Code   378  stm32f1xx_hal_tim.o(i.HAL_TIM_PWM_Start_DMA)
    HAL_TIM_PeriodElapsedCallback            0x08002459   Thumb Code    14  main.o(i.HAL_TIM_PeriodElapsedCallback)
    HAL_TIM_TriggerCallback                  0x0800246d   Thumb Code     2  stm32f1xx_hal_tim.o(i.HAL_TIM_TriggerCallback)
    HAL_UART_Init                            0x0800246f   Thumb Code   100  stm32f1xx_hal_uart.o(i.HAL_UART_Init)
    HAL_UART_MspInit                         0x080024d5   Thumb Code   100  usart.o(i.HAL_UART_MspInit)
    HAL_UART_Transmit                        0x08002545   Thumb Code   154  stm32f1xx_hal_uart.o(i.HAL_UART_Transmit)
    HardFault_Handler                        0x080025df   Thumb Code     2  stm32f1xx_it.o(i.HardFault_Handler)
    Kalman_getAngle                          0x08002a1f   Thumb Code   396  mpu6050.o(i.Kalman_getAngle)
    MFRC522_AntennaOn                        0x08002bab   Thumb Code    26  rc522.o(i.MFRC522_AntennaOn)
    MFRC522_Anticoll                         0x08002bc5   Thumb Code    66  rc522.o(i.MFRC522_Anticoll)
    MFRC522_Auth                             0x08002c07   Thumb Code    82  rc522.o(i.MFRC522_Auth)
    MFRC522_CalculateCRC                     0x08002c59   Thumb Code    94  rc522.o(i.MFRC522_CalculateCRC)
    MFRC522_ClearBitMask                     0x08002cb7   Thumb Code    24  rc522.o(i.MFRC522_ClearBitMask)
    MFRC522_Halt                             0x08002ccf   Thumb Code    44  rc522.o(i.MFRC522_Halt)
    MFRC522_Init                             0x08002cfb   Thumb Code    78  rc522.o(i.MFRC522_Init)
    MFRC522_Read                             0x08002d49   Thumb Code    50  rc522.o(i.MFRC522_Read)
    MFRC522_ReadRegister                     0x08002d7b   Thumb Code    14  rc522.o(i.MFRC522_ReadRegister)
    MFRC522_Request                          0x08002d89   Thumb Code    46  rc522.o(i.MFRC522_Request)
    MFRC522_Reset                            0x08002db9   Thumb Code   118  rc522.o(i.MFRC522_Reset)
    MFRC522_SelectTag                        0x08002e35   Thumb Code    82  rc522.o(i.MFRC522_SelectTag)
    MFRC522_SetBitMask                       0x08002e87   Thumb Code    24  rc522.o(i.MFRC522_SetBitMask)
    MFRC522_ToCard                           0x08002e9f   Thumb Code   276  rc522.o(i.MFRC522_ToCard)
    MFRC522_WriteRegister                    0x08002fb3   Thumb Code    10  rc522.o(i.MFRC522_WriteRegister)
    MPU6050_Init                             0x08002fbd   Thumb Code   146  mpu6050.o(i.MPU6050_Init)
    MPU6050_Read_All                         0x08003051   Thumb Code   536  mpu6050.o(i.MPU6050_Read_All)
    MX_DMA_Init                              0x08003291   Thumb Code    56  dma.o(i.MX_DMA_Init)
    MX_FREERTOS_Init                         0x080032cd   Thumb Code   100  freertos.o(i.MX_FREERTOS_Init)
    MX_GPIO_Init                             0x08003339   Thumb Code   146  gpio.o(i.MX_GPIO_Init)
    MX_I2C1_Init                             0x080033d9   Thumb Code    50  i2c.o(i.MX_I2C1_Init)
    MX_SPI1_Init                             0x08003419   Thumb Code    62  spi.o(i.MX_SPI1_Init)
    MX_TIM4_Init                             0x08003461   Thumb Code   116  tim.o(i.MX_TIM4_Init)
    MX_USART1_UART_Init                      0x080034dd   Thumb Code    48  usart.o(i.MX_USART1_UART_Init)
    MemManage_Handler                        0x08003515   Thumb Code     2  stm32f1xx_it.o(i.MemManage_Handler)
    NMI_Handler                              0x08003517   Thumb Code     2  stm32f1xx_it.o(i.NMI_Handler)
    SPI2SendByte                             0x08003519   Thumb Code    28  rc522.o(i.SPI2SendByte)
    SPI2_ReadReg                             0x08003539   Thumb Code    44  rc522.o(i.SPI2_ReadReg)
    SPI2_WriteReg                            0x08003569   Thumb Code    44  rc522.o(i.SPI2_WriteReg)
    StartDefaultTask                         0x08003671   Thumb Code     8  freertos.o(i.StartDefaultTask)
    StartGravity                             0x08003679   Thumb Code    38  freertos.o(i.StartGravity)
    StartSideLight                           0x080036b9   Thumb Code    14  freertos.o(i.StartSideLight)
    StartSwipingCard                         0x080036c7   Thumb Code    12  freertos.o(i.StartSwipingCard)
    SysTick_Handler                          0x080036d5   Thumb Code    38  port.o(i.SysTick_Handler)
    SystemClock_Config                       0x08003701   Thumb Code    94  main.o(i.SystemClock_Config)
    SystemInit                               0x0800375f   Thumb Code     2  system_stm32f1xx.o(i.SystemInit)
    TIM1_UP_IRQHandler                       0x08003761   Thumb Code     6  stm32f1xx_it.o(i.TIM1_UP_IRQHandler)
    TIM_Base_SetConfig                       0x0800376d   Thumb Code    94  stm32f1xx_hal_tim.o(i.TIM_Base_SetConfig)
    TIM_CCxChannelCmd                        0x080037d9   Thumb Code    26  stm32f1xx_hal_tim.o(i.TIM_CCxChannelCmd)
    TIM_DMADelayPulseHalfCplt                0x08003851   Thumb Code    56  stm32f1xx_hal_tim.o(i.TIM_DMADelayPulseHalfCplt)
    TIM_DMAError                             0x08003889   Thumb Code    84  stm32f1xx_hal_tim.o(i.TIM_DMAError)
    TIM_OC2_SetConfig                        0x0800392d   Thumb Code    84  stm32f1xx_hal_tim.o(i.TIM_OC2_SetConfig)
    UsageFault_Handler                       0x08003b51   Thumb Code     2  stm32f1xx_it.o(i.UsageFault_Handler)
    WS2812_SetPixelColor                     0x08003b55   Thumb Code    48  ws2812.o(i.WS2812_SetPixelColor)
    WS_Load1                                 0x08003b89   Thumb Code    14  ws2812.o(i.WS_Load1)
    WS_Load2                                 0x08003ba1   Thumb Code    14  ws2812.o(i.WS_Load2)
    Wheel                                    0x08003bb9   Thumb Code    76  ws2812.o(i.Wheel)
    __0printf                                0x08003c05   Thumb Code    22  printfa.o(i.__0printf)
    __1printf                                0x08003c05   Thumb Code     0  printfa.o(i.__0printf)
    __2printf                                0x08003c05   Thumb Code     0  printfa.o(i.__0printf)
    __c89printf                              0x08003c05   Thumb Code     0  printfa.o(i.__0printf)
    printf                                   0x08003c05   Thumb Code     0  printfa.o(i.__0printf)
    __ARM_fpclassify                         0x08003c25   Thumb Code    40  fpclassify.o(i.__ARM_fpclassify)
    __kernel_poly                            0x08003c6d   Thumb Code   170  poly.o(i.__kernel_poly)
    __mathlib_dbl_infnan                     0x08003d17   Thumb Code     6  dunder.o(i.__mathlib_dbl_infnan)
    __mathlib_dbl_infnan2                    0x08003d1d   Thumb Code     4  dunder.o(i.__mathlib_dbl_infnan2)
    __mathlib_dbl_underflow                  0x08003d21   Thumb Code    10  dunder.o(i.__mathlib_dbl_underflow)
    __scatterload_copy                       0x08003d31   Thumb Code    14  handlers.o(i.__scatterload_copy)
    __scatterload_null                       0x08003d3f   Thumb Code     2  handlers.o(i.__scatterload_null)
    __scatterload_zeroinit                   0x08003d41   Thumb Code    14  handlers.o(i.__scatterload_zeroinit)
    __set_errno                              0x08003d51   Thumb Code     6  errno.o(i.__set_errno)
    atan                                     0x080045e9   Thumb Code   474  atan.o(i.atan)
    atan2                                    0x08004809   Thumb Code   374  atan2.o(i.atan2)
    char_to_hex                              0x080049a5   Thumb Code    42  rc522_use.o(i.char_to_hex)
    delay_ns                                 0x080049e5   Thumb Code    18  rc522.o(i.delay_ns)
    fputc                                    0x080049f9   Thumb Code    20  usart.o(i.fputc)
    main                                     0x08004a11   Thumb Code    86  main.o(i.main)
    osDelay                                  0x08004add   Thumb Code    14  cmsis_os.o(i.osDelay)
    osKernelStart                            0x08004aeb   Thumb Code    10  cmsis_os.o(i.osKernelStart)
    osThreadCreate                           0x08004af5   Thumb Code    84  cmsis_os.o(i.osThreadCreate)
    pvPortMalloc                             0x08004e8d   Thumb Code   210  heap_4.o(i.pvPortMalloc)
    pxPortInitialiseStack                    0x08004f65   Thumb Code    32  port.o(i.pxPortInitialiseStack)
    rainbowCycle                             0x08004f89   Thumb Code    84  ws2812.o(i.rainbowCycle)
    rc522_test                               0x08004fe1   Thumb Code   322  rc522_use.o(i.rc522_test)
    sqrt                                     0x080051a1   Thumb Code    76  sqrt.o(i.sqrt)
    uxListRemove                             0x080051ed   Thumb Code    38  list.o(i.uxListRemove)
    vApplicationGetIdleTaskMemory            0x08005215   Thumb Code    16  freertos.o(i.vApplicationGetIdleTaskMemory)
    vListInitialise                          0x08005229   Thumb Code    22  list.o(i.vListInitialise)
    vListInitialiseItem                      0x0800523f   Thumb Code     6  list.o(i.vListInitialiseItem)
    vListInsert                              0x08005245   Thumb Code    48  list.o(i.vListInsert)
    vListInsertEnd                           0x08005275   Thumb Code    24  list.o(i.vListInsertEnd)
    vPortEnterCritical                       0x0800528d   Thumb Code    54  port.o(i.vPortEnterCritical)
    vPortExitCritical                        0x080052cd   Thumb Code    34  port.o(i.vPortExitCritical)
    vPortFree                                0x080052f5   Thumb Code    88  heap_4.o(i.vPortFree)
    vPortSetupTimerInterrupt                 0x08005351   Thumb Code    32  port.o(i.vPortSetupTimerInterrupt)
    vTaskDelay                               0x08005375   Thumb Code    66  tasks.o(i.vTaskDelay)
    vTaskStartScheduler                      0x080053c1   Thumb Code    90  tasks.o(i.vTaskStartScheduler)
    vTaskSuspendAll                          0x0800542d   Thumb Code    10  tasks.o(i.vTaskSuspendAll)
    vTaskSwitchContext                       0x0800543d   Thumb Code    82  tasks.o(i.vTaskSwitchContext)
    xPortStartScheduler                      0x08005499   Thumb Code   154  port.o(i.xPortStartScheduler)
    xTaskCreate                              0x08005541   Thumb Code    90  tasks.o(i.xTaskCreate)
    xTaskCreateStatic                        0x0800559b   Thumb Code    86  tasks.o(i.xTaskCreateStatic)
    xTaskIncrementTick                       0x080055f1   Thumb Code   192  tasks.o(i.xTaskIncrementTick)
    xTaskResumeAll                           0x080056b9   Thumb Code   182  tasks.o(i.xTaskResumeAll)
    AHBPrescTable                            0x080057fe   Data          16  system_stm32f1xx.o(.constdata)
    APBPrescTable                            0x0800580e   Data           8  system_stm32f1xx.o(.constdata)
    __mathlib_zero                           0x080058b0   Data           8  qnan.o(.constdata)
    Region$$Table$$Base                      0x080058e4   Number         0  anon$$obj.o(Region$$Table)
    Region$$Table$$Limit                     0x08005904   Number         0  anon$$obj.o(Region$$Table)
    defaultTaskHandle                        0x20000000   Data           4  freertos.o(.data)
    SideLightHandle                          0x20000004   Data           4  freertos.o(.data)
    GravityHandle                            0x20000008   Data           4  freertos.o(.data)
    SwipingCardHandle                        0x2000000c   Data           4  freertos.o(.data)
    uwTickFreq                               0x20000010   Data           1  stm32f1xx_hal.o(.data)
    uwTickPrio                               0x20000014   Data           4  stm32f1xx_hal.o(.data)
    uwTick                                   0x20000018   Data           4  stm32f1xx_hal.o(.data)
    SystemCoreClock                          0x2000001c   Data           4  system_stm32f1xx.o(.data)
    timer                                    0x20000020   Data           4  mpu6050.o(.data)
    KalmanX                                  0x20000028   Data          72  mpu6050.o(.data)
    KalmanY                                  0x20000070   Data          72  mpu6050.o(.data)
    addr                                     0x200000b8   Data           1  rc522_use.o(.data)
    i                                        0x200000b9   Data           1  rc522_use.o(.data)
    j                                        0x200000ba   Data           1  rc522_use.o(.data)
    b                                        0x200000bb   Data           1  rc522_use.o(.data)
    q                                        0x200000bc   Data           1  rc522_use.o(.data)
    en                                       0x200000bd   Data           1  rc522_use.o(.data)
    lastID                                   0x200000be   Data           4  rc522_use.o(.data)
    KEY_A                                    0x200000c2   Data           6  rc522_use.o(.data)
    KEY_B                                    0x200000c8   Data           6  rc522_use.o(.data)
    txBuffer                                 0x200000ce   Data          10  rc522_use.o(.data)
    pxCurrentTCB                             0x200000e4   Data           4  tasks.o(.data)
    __stdout                                 0x20000144   Data           4  stdout.o(.data)
    MPU6050                                  0x20000150   Data          88  freertos.o(.bss)
    hi2c1                                    0x200003fc   Data          84  i2c.o(.bss)
    hspi1                                    0x20000450   Data          88  spi.o(.bss)
    htim4                                    0x200004a8   Data          72  tim.o(.bss)
    hdma_tim4_ch1                            0x200004f0   Data          68  tim.o(.bss)
    hdma_tim4_ch2                            0x20000534   Data          68  tim.o(.bss)
    huart1                                   0x20000578   Data          72  usart.o(.bss)
    htim1                                    0x200005c0   Data          72  stm32f1xx_hal_timebase_tim.o(.bss)
    SN                                       0x20000608   Data          16  rc522_use.o(.bss)
    retstr                                   0x20000618   Data          10  rc522_use.o(.bss)
    R_DATA                                   0x20000622   Data          16  rc522_use.o(.bss)
    send_Buf                                 0x20000632   Data        1176  ws2812.o(.bss)
    __initial_sp                             0x20001bc0   Data           0  startup_stm32f103xb.o(STACK)



==============================================================================

Memory Map of the image

  Image Entry point : 0x080000ed

  Load Region LR_IROM1 (Base: 0x08000000, Size: 0x00005a50, Max: 0x00010000, ABSOLUTE, COMPRESSED[0x00005934])

    Execution Region ER_IROM1 (Exec base: 0x08000000, Load base: 0x08000000, Size: 0x00005904, Max: 0x00010000, ABSOLUTE)

    Exec Addr    Load Addr    Size         Type   Attr      Idx    E Section Name        Object

    0x08000000   0x08000000   0x000000ec   Data   RO            3    RESET               startup_stm32f103xb.o
    0x080000ec   0x080000ec   0x00000000   Code   RO         5448  * .ARM.Collect$$$$00000000  mc_w.l(entry.o)
    0x080000ec   0x080000ec   0x00000004   Code   RO         5763    .ARM.Collect$$$$00000001  mc_w.l(entry2.o)
    0x080000f0   0x080000f0   0x00000004   Code   RO         5766    .ARM.Collect$$$$00000004  mc_w.l(entry5.o)
    0x080000f4   0x080000f4   0x00000000   Code   RO         5768    .ARM.Collect$$$$00000008  mc_w.l(entry7b.o)
    0x080000f4   0x080000f4   0x00000000   Code   RO         5770    .ARM.Collect$$$$0000000A  mc_w.l(entry8b.o)
    0x080000f4   0x080000f4   0x00000008   Code   RO         5771    .ARM.Collect$$$$0000000B  mc_w.l(entry9a.o)
    0x080000fc   0x080000fc   0x00000004   Code   RO         5778    .ARM.Collect$$$$0000000E  mc_w.l(entry12b.o)
    0x08000100   0x08000100   0x00000000   Code   RO         5773    .ARM.Collect$$$$0000000F  mc_w.l(entry10a.o)
    0x08000100   0x08000100   0x00000000   Code   RO         5775    .ARM.Collect$$$$00000011  mc_w.l(entry11a.o)
    0x08000100   0x08000100   0x00000004   Code   RO         5764    .ARM.Collect$$$$00002712  mc_w.l(entry2.o)
    0x08000104   0x08000104   0x00000096   Code   RO         5345    .emb_text           port.o
    0x0800019a   0x0800019a   0x00000002   PAD
    0x0800019c   0x0800019c   0x00000024   Code   RO            4    .text               startup_stm32f103xb.o
    0x080001c0   0x080001c0   0x00000020   Code   RO         5451    .text               mc_w.l(llushr.o)
    0x080001e0   0x080001e0   0x00000024   Code   RO         5453    .text               mc_w.l(memcpya.o)
    0x08000204   0x08000204   0x00000024   Code   RO         5457    .text               mc_w.l(memseta.o)
    0x08000228   0x08000228   0x000000b0   Code   RO         5722    .text               mf_w.l(fadd.o)
    0x080002d8   0x080002d8   0x0000007c   Code   RO         5724    .text               mf_w.l(fdiv.o)
    0x08000354   0x08000354   0x0000014e   Code   RO         5726    .text               mf_w.l(dadd.o)
    0x080004a2   0x080004a2   0x000000e4   Code   RO         5728    .text               mf_w.l(dmul.o)
    0x08000586   0x08000586   0x000000de   Code   RO         5730    .text               mf_w.l(ddiv.o)
    0x08000664   0x08000664   0x0000002e   Code   RO         5732    .text               mf_w.l(dscalb.o)
    0x08000692   0x08000692   0x00000012   Code   RO         5734    .text               mf_w.l(fflti.o)
    0x080006a4   0x080006a4   0x00000022   Code   RO         5736    .text               mf_w.l(dflti.o)
    0x080006c6   0x080006c6   0x0000001a   Code   RO         5738    .text               mf_w.l(dfltui.o)
    0x080006e0   0x080006e0   0x00000030   Code   RO         5740    .text               mf_w.l(cdcmple.o)
    0x08000710   0x08000710   0x00000030   Code   RO         5742    .text               mf_w.l(cdrcmple.o)
    0x08000740   0x08000740   0x0000002c   Code   RO         5780    .text               mc_w.l(uidiv.o)
    0x0800076c   0x0800076c   0x00000062   Code   RO         5782    .text               mc_w.l(uldiv.o)
    0x080007ce   0x080007ce   0x0000001e   Code   RO         5784    .text               mc_w.l(llshl.o)
    0x080007ec   0x080007ec   0x00000024   Code   RO         5786    .text               mc_w.l(llsshr.o)
    0x08000810   0x08000810   0x00000000   Code   RO         5795    .text               mc_w.l(iusefp.o)
    0x08000810   0x08000810   0x0000006e   Code   RO         5796    .text               mf_w.l(fepilogue.o)
    0x0800087e   0x0800087e   0x000000ba   Code   RO         5798    .text               mf_w.l(depilogue.o)
    0x08000938   0x08000938   0x000000a2   Code   RO         5800    .text               mf_w.l(dsqrt.o)
    0x080009da   0x080009da   0x00000030   Code   RO         5802    .text               mf_w.l(dfixul.o)
    0x08000a0a   0x08000a0a   0x00000002   PAD
    0x08000a0c   0x08000a0c   0x00000024   Code   RO         5804    .text               mc_w.l(init.o)
    0x08000a30   0x08000a30   0x00000056   Code   RO         5814    .text               mc_w.l(__dczerorl2.o)
    0x08000a86   0x08000a86   0x00000002   Code   RO          526    i.BusFault_Handler  stm32f1xx_it.o
    0x08000a88   0x08000a88   0x0000000c   Code   RO          527    i.DMA1_Channel1_IRQHandler  stm32f1xx_it.o
    0x08000a94   0x08000a94   0x0000000c   Code   RO          528    i.DMA1_Channel4_IRQHandler  stm32f1xx_it.o
    0x08000aa0   0x08000aa0   0x0000002a   Code   RO         1081    i.DMA_SetConfig     stm32f1xx_hal_dma.o
    0x08000aca   0x08000aca   0x00000002   Code   RO          529    i.DebugMon_Handler  stm32f1xx_it.o
    0x08000acc   0x08000acc   0x00000004   Code   RO           13    i.Error_Handler     main.o
    0x08000ad0   0x08000ad0   0x00000154   Code   RO         1087    i.HAL_DMA_IRQHandler  stm32f1xx_hal_dma.o
    0x08000c24   0x08000c24   0x0000005c   Code   RO         1088    i.HAL_DMA_Init      stm32f1xx_hal_dma.o
    0x08000c80   0x08000c80   0x00000070   Code   RO         1092    i.HAL_DMA_Start_IT  stm32f1xx_hal_dma.o
    0x08000cf0   0x08000cf0   0x00000024   Code   RO          708    i.HAL_Delay         stm32f1xx_hal.o
    0x08000d14   0x08000d14   0x000001e0   Code   RO         1018    i.HAL_GPIO_Init     stm32f1xx_hal_gpio.o
    0x08000ef4   0x08000ef4   0x0000000a   Code   RO         1022    i.HAL_GPIO_WritePin  stm32f1xx_hal_gpio.o
    0x08000efe   0x08000efe   0x00000002   PAD
    0x08000f00   0x08000f00   0x0000000c   Code   RO          712    i.HAL_GetTick       stm32f1xx_hal.o
    0x08000f0c   0x08000f0c   0x00000188   Code   RO         1689    i.HAL_I2C_Init      stm32f1xx_hal_i2c.o
    0x08001094   0x08001094   0x00000250   Code   RO         1707    i.HAL_I2C_Mem_Read  stm32f1xx_hal_i2c.o
    0x080012e4   0x080012e4   0x00000130   Code   RO         1710    i.HAL_I2C_Mem_Write  stm32f1xx_hal_i2c.o
    0x08001414   0x08001414   0x00000070   Code   RO          347    i.HAL_I2C_MspInit   i2c.o
    0x08001484   0x08001484   0x00000010   Code   RO          718    i.HAL_IncTick       stm32f1xx_hal.o
    0x08001494   0x08001494   0x00000024   Code   RO          719    i.HAL_Init          stm32f1xx_hal.o
    0x080014b8   0x080014b8   0x0000008c   Code   RO          626    i.HAL_InitTick      stm32f1xx_hal_timebase_tim.o
    0x08001544   0x08001544   0x00000048   Code   RO          602    i.HAL_MspInit       stm32f1xx_hal_msp.o
    0x0800158c   0x0800158c   0x0000001a   Code   RO         1178    i.HAL_NVIC_EnableIRQ  stm32f1xx_hal_cortex.o
    0x080015a6   0x080015a6   0x00000002   PAD
    0x080015a8   0x080015a8   0x00000040   Code   RO         1184    i.HAL_NVIC_SetPriority  stm32f1xx_hal_cortex.o
    0x080015e8   0x080015e8   0x00000024   Code   RO         1185    i.HAL_NVIC_SetPriorityGrouping  stm32f1xx_hal_cortex.o
    0x0800160c   0x0800160c   0x0000012c   Code   RO          876    i.HAL_RCC_ClockConfig  stm32f1xx_hal_rcc.o
    0x08001738   0x08001738   0x00000040   Code   RO          880    i.HAL_RCC_GetClockConfig  stm32f1xx_hal_rcc.o
    0x08001778   0x08001778   0x00000020   Code   RO          883    i.HAL_RCC_GetPCLK1Freq  stm32f1xx_hal_rcc.o
    0x08001798   0x08001798   0x00000020   Code   RO          884    i.HAL_RCC_GetPCLK2Freq  stm32f1xx_hal_rcc.o
    0x080017b8   0x080017b8   0x0000004c   Code   RO          885    i.HAL_RCC_GetSysClockFreq  stm32f1xx_hal_rcc.o
    0x08001804   0x08001804   0x00000320   Code   RO          888    i.HAL_RCC_OscConfig  stm32f1xx_hal_rcc.o
    0x08001b24   0x08001b24   0x000000b2   Code   RO         2126    i.HAL_SPI_Init      stm32f1xx_hal_spi.o
    0x08001bd6   0x08001bd6   0x00000002   PAD
    0x08001bd8   0x08001bd8   0x00000070   Code   RO          389    i.HAL_SPI_MspInit   spi.o
    0x08001c48   0x08001c48   0x000001ee   Code   RO         2135    i.HAL_SPI_TransmitReceive  stm32f1xx_hal_spi.o
    0x08001e36   0x08001e36   0x00000002   Code   RO         3143    i.HAL_TIMEx_BreakCallback  stm32f1xx_hal_tim_ex.o
    0x08001e38   0x08001e38   0x00000002   Code   RO         3144    i.HAL_TIMEx_CommutCallback  stm32f1xx_hal_tim_ex.o
    0x08001e3a   0x08001e3a   0x00000002   PAD
    0x08001e3c   0x08001e3c   0x00000068   Code   RO         3162    i.HAL_TIMEx_MasterConfigSynchronization  stm32f1xx_hal_tim_ex.o
    0x08001ea4   0x08001ea4   0x0000005a   Code   RO         2439    i.HAL_TIM_Base_Init  stm32f1xx_hal_tim.o
    0x08001efe   0x08001efe   0x00000002   Code   RO         2441    i.HAL_TIM_Base_MspInit  stm32f1xx_hal_tim.o
    0x08001f00   0x08001f00   0x00000058   Code   RO         2444    i.HAL_TIM_Base_Start_IT  stm32f1xx_hal_tim.o
    0x08001f58   0x08001f58   0x00000002   Code   RO         2469    i.HAL_TIM_ErrorCallback  stm32f1xx_hal_tim.o
    0x08001f5a   0x08001f5a   0x00000002   Code   RO         2473    i.HAL_TIM_IC_CaptureCallback  stm32f1xx_hal_tim.o
    0x08001f5c   0x08001f5c   0x00000166   Code   RO         2487    i.HAL_TIM_IRQHandler  stm32f1xx_hal_tim.o
    0x080020c2   0x080020c2   0x00000002   PAD
    0x080020c4   0x080020c4   0x0000004c   Code   RO          430    i.HAL_TIM_MspPostInit  tim.o
    0x08002110   0x08002110   0x00000002   Code   RO         2490    i.HAL_TIM_OC_DelayElapsedCallback  stm32f1xx_hal_tim.o
    0x08002112   0x08002112   0x000000cc   Code   RO         2511    i.HAL_TIM_PWM_ConfigChannel  stm32f1xx_hal_tim.o
    0x080021de   0x080021de   0x0000005a   Code   RO         2514    i.HAL_TIM_PWM_Init  stm32f1xx_hal_tim.o
    0x08002238   0x08002238   0x00000088   Code   RO          432    i.HAL_TIM_PWM_MspInit  tim.o
    0x080022c0   0x080022c0   0x00000002   Code   RO         2517    i.HAL_TIM_PWM_PulseFinishedCallback  stm32f1xx_hal_tim.o
    0x080022c2   0x080022c2   0x00000002   Code   RO         2518    i.HAL_TIM_PWM_PulseFinishedHalfCpltCallback  stm32f1xx_hal_tim.o
    0x080022c4   0x080022c4   0x00000194   Code   RO         2520    i.HAL_TIM_PWM_Start_DMA  stm32f1xx_hal_tim.o
    0x08002458   0x08002458   0x00000014   Code   RO           14    i.HAL_TIM_PeriodElapsedCallback  main.o
    0x0800246c   0x0800246c   0x00000002   Code   RO         2530    i.HAL_TIM_TriggerCallback  stm32f1xx_hal_tim.o
    0x0800246e   0x0800246e   0x00000064   Code   RO         3440    i.HAL_UART_Init     stm32f1xx_hal_uart.o
    0x080024d2   0x080024d2   0x00000002   PAD
    0x080024d4   0x080024d4   0x00000070   Code   RO          479    i.HAL_UART_MspInit  usart.o
    0x08002544   0x08002544   0x0000009a   Code   RO         3448    i.HAL_UART_Transmit  stm32f1xx_hal_uart.o
    0x080025de   0x080025de   0x00000002   Code   RO          530    i.HardFault_Handler  stm32f1xx_it.o
    0x080025e0   0x080025e0   0x0000002e   Code   RO         1732    i.I2C_IsAcknowledgeFailed  stm32f1xx_hal_i2c.o
    0x0800260e   0x0800260e   0x00000002   PAD
    0x08002610   0x08002610   0x000000fc   Code   RO         1742    i.I2C_RequestMemoryRead  stm32f1xx_hal_i2c.o
    0x0800270c   0x0800270c   0x000000a8   Code   RO         1743    i.I2C_RequestMemoryWrite  stm32f1xx_hal_i2c.o
    0x080027b4   0x080027b4   0x00000056   Code   RO         1747    i.I2C_WaitOnBTFFlagUntilTimeout  stm32f1xx_hal_i2c.o
    0x0800280a   0x0800280a   0x00000002   PAD
    0x0800280c   0x0800280c   0x00000090   Code   RO         1748    i.I2C_WaitOnFlagUntilTimeout  stm32f1xx_hal_i2c.o
    0x0800289c   0x0800289c   0x000000bc   Code   RO         1749    i.I2C_WaitOnMasterAddressFlagUntilTimeout  stm32f1xx_hal_i2c.o
    0x08002958   0x08002958   0x00000070   Code   RO         1750    i.I2C_WaitOnRXNEFlagUntilTimeout  stm32f1xx_hal_i2c.o
    0x080029c8   0x080029c8   0x00000056   Code   RO         1751    i.I2C_WaitOnTXEFlagUntilTimeout  stm32f1xx_hal_i2c.o
    0x08002a1e   0x08002a1e   0x0000018c   Code   RO         3811    i.Kalman_getAngle   mpu6050.o
    0x08002baa   0x08002baa   0x0000001a   Code   RO         3878    i.MFRC522_AntennaOn  rc522.o
    0x08002bc4   0x08002bc4   0x00000042   Code   RO         3879    i.MFRC522_Anticoll  rc522.o
    0x08002c06   0x08002c06   0x00000052   Code   RO         3880    i.MFRC522_Auth      rc522.o
    0x08002c58   0x08002c58   0x0000005e   Code   RO         3881    i.MFRC522_CalculateCRC  rc522.o
    0x08002cb6   0x08002cb6   0x00000018   Code   RO         3882    i.MFRC522_ClearBitMask  rc522.o
    0x08002cce   0x08002cce   0x0000002c   Code   RO         3883    i.MFRC522_Halt      rc522.o
    0x08002cfa   0x08002cfa   0x0000004e   Code   RO         3884    i.MFRC522_Init      rc522.o
    0x08002d48   0x08002d48   0x00000032   Code   RO         3885    i.MFRC522_Read      rc522.o
    0x08002d7a   0x08002d7a   0x0000000e   Code   RO         3886    i.MFRC522_ReadRegister  rc522.o
    0x08002d88   0x08002d88   0x0000002e   Code   RO         3887    i.MFRC522_Request   rc522.o
    0x08002db6   0x08002db6   0x00000002   PAD
    0x08002db8   0x08002db8   0x0000007c   Code   RO         3888    i.MFRC522_Reset     rc522.o
    0x08002e34   0x08002e34   0x00000052   Code   RO         3889    i.MFRC522_SelectTag  rc522.o
    0x08002e86   0x08002e86   0x00000018   Code   RO         3890    i.MFRC522_SetBitMask  rc522.o
    0x08002e9e   0x08002e9e   0x00000114   Code   RO         3891    i.MFRC522_ToCard    rc522.o
    0x08002fb2   0x08002fb2   0x0000000a   Code   RO         3893    i.MFRC522_WriteRegister  rc522.o
    0x08002fbc   0x08002fbc   0x00000092   Code   RO         3812    i.MPU6050_Init      mpu6050.o
    0x0800304e   0x0800304e   0x00000002   PAD
    0x08003050   0x08003050   0x00000240   Code   RO         3814    i.MPU6050_Read_All  mpu6050.o
    0x08003290   0x08003290   0x0000003c   Code   RO          322    i.MX_DMA_Init       dma.o
    0x080032cc   0x080032cc   0x0000006c   Code   RO          247    i.MX_FREERTOS_Init  freertos.o
    0x08003338   0x08003338   0x000000a0   Code   RO          223    i.MX_GPIO_Init      gpio.o
    0x080033d8   0x080033d8   0x00000040   Code   RO          348    i.MX_I2C1_Init      i2c.o
    0x08003418   0x08003418   0x00000048   Code   RO          390    i.MX_SPI1_Init      spi.o
    0x08003460   0x08003460   0x0000007c   Code   RO          433    i.MX_TIM4_Init      tim.o
    0x080034dc   0x080034dc   0x00000038   Code   RO          480    i.MX_USART1_UART_Init  usart.o
    0x08003514   0x08003514   0x00000002   Code   RO          531    i.MemManage_Handler  stm32f1xx_it.o
    0x08003516   0x08003516   0x00000002   Code   RO          532    i.NMI_Handler       stm32f1xx_it.o
    0x08003518   0x08003518   0x00000020   Code   RO         3894    i.SPI2SendByte      rc522.o
    0x08003538   0x08003538   0x00000030   Code   RO         3895    i.SPI2_ReadReg      rc522.o
    0x08003568   0x08003568   0x00000030   Code   RO         3896    i.SPI2_WriteReg     rc522.o
    0x08003598   0x08003598   0x00000020   Code   RO         2164    i.SPI_EndRxTxTransaction  stm32f1xx_hal_spi.o
    0x080035b8   0x080035b8   0x000000b8   Code   RO         2169    i.SPI_WaitFlagStateUntilTimeout  stm32f1xx_hal_spi.o
    0x08003670   0x08003670   0x00000008   Code   RO          248    i.StartDefaultTask  freertos.o
    0x08003678   0x08003678   0x00000040   Code   RO          249    i.StartGravity      freertos.o
    0x080036b8   0x080036b8   0x0000000e   Code   RO          250    i.StartSideLight    freertos.o
    0x080036c6   0x080036c6   0x0000000c   Code   RO          251    i.StartSwipingCard  freertos.o
    0x080036d2   0x080036d2   0x00000002   PAD
    0x080036d4   0x080036d4   0x0000002c   Code   RO         5346    i.SysTick_Handler   port.o
    0x08003700   0x08003700   0x0000005e   Code   RO           15    i.SystemClock_Config  main.o
    0x0800375e   0x0800375e   0x00000002   Code   RO         3774    i.SystemInit        system_stm32f1xx.o
    0x08003760   0x08003760   0x0000000c   Code   RO          533    i.TIM1_UP_IRQHandler  stm32f1xx_it.o
    0x0800376c   0x0800376c   0x0000006c   Code   RO         2532    i.TIM_Base_SetConfig  stm32f1xx_hal_tim.o
    0x080037d8   0x080037d8   0x0000001a   Code   RO         2533    i.TIM_CCxChannelCmd  stm32f1xx_hal_tim.o
    0x080037f2   0x080037f2   0x0000005e   Code   RO         2536    i.TIM_DMADelayPulseCplt  stm32f1xx_hal_tim.o
    0x08003850   0x08003850   0x00000038   Code   RO         2537    i.TIM_DMADelayPulseHalfCplt  stm32f1xx_hal_tim.o
    0x08003888   0x08003888   0x00000054   Code   RO         2538    i.TIM_DMAError      stm32f1xx_hal_tim.o
    0x080038dc   0x080038dc   0x00000050   Code   RO         2545    i.TIM_OC1_SetConfig  stm32f1xx_hal_tim.o
    0x0800392c   0x0800392c   0x00000058   Code   RO         2546    i.TIM_OC2_SetConfig  stm32f1xx_hal_tim.o
    0x08003984   0x08003984   0x00000058   Code   RO         2547    i.TIM_OC3_SetConfig  stm32f1xx_hal_tim.o
    0x080039dc   0x080039dc   0x00000044   Code   RO         2548    i.TIM_OC4_SetConfig  stm32f1xx_hal_tim.o
    0x08003a20   0x08003a20   0x000000b8   Code   RO         3466    i.UART_SetConfig    stm32f1xx_hal_uart.o
    0x08003ad8   0x08003ad8   0x00000078   Code   RO         3469    i.UART_WaitOnFlagUntilTimeout  stm32f1xx_hal_uart.o
    0x08003b50   0x08003b50   0x00000002   Code   RO          534    i.UsageFault_Handler  stm32f1xx_it.o
    0x08003b52   0x08003b52   0x00000002   PAD
    0x08003b54   0x08003b54   0x00000034   Code   RO         4073    i.WS2812_SetPixelColor  ws2812.o
    0x08003b88   0x08003b88   0x00000018   Code   RO         4076    i.WS_Load1          ws2812.o
    0x08003ba0   0x08003ba0   0x00000018   Code   RO         4077    i.WS_Load2          ws2812.o
    0x08003bb8   0x08003bb8   0x0000004c   Code   RO         4079    i.Wheel             ws2812.o
    0x08003c04   0x08003c04   0x00000020   Code   RO         5694    i.__0printf         mc_w.l(printfa.o)
    0x08003c24   0x08003c24   0x00000028   Code   RO         5758    i.__ARM_fpclassify  m_ws.l(fpclassify.o)
    0x08003c4c   0x08003c4c   0x00000020   Code   RO         1191    i.__NVIC_SetPriority  stm32f1xx_hal_cortex.o
    0x08003c6c   0x08003c6c   0x000000aa   Code   RO         5760    i.__kernel_poly     m_ws.l(poly.o)
    0x08003d16   0x08003d16   0x00000006   Code   RO         5745    i.__mathlib_dbl_infnan  m_ws.l(dunder.o)
    0x08003d1c   0x08003d1c   0x00000004   Code   RO         5746    i.__mathlib_dbl_infnan2  m_ws.l(dunder.o)
    0x08003d20   0x08003d20   0x00000010   Code   RO         5750    i.__mathlib_dbl_underflow  m_ws.l(dunder.o)
    0x08003d30   0x08003d30   0x0000000e   Code   RO         5808    i.__scatterload_copy  mc_w.l(handlers.o)
    0x08003d3e   0x08003d3e   0x00000002   Code   RO         5809    i.__scatterload_null  mc_w.l(handlers.o)
    0x08003d40   0x08003d40   0x0000000e   Code   RO         5810    i.__scatterload_zeroinit  mc_w.l(handlers.o)
    0x08003d4e   0x08003d4e   0x00000002   PAD
    0x08003d50   0x08003d50   0x0000000c   Code   RO         5790    i.__set_errno       mc_w.l(errno.o)
    0x08003d5c   0x08003d5c   0x00000184   Code   RO         5701    i._fp_digits        mc_w.l(printfa.o)
    0x08003ee0   0x08003ee0   0x000006b4   Code   RO         5702    i._printf_core      mc_w.l(printfa.o)
    0x08004594   0x08004594   0x00000024   Code   RO         5703    i._printf_post_padding  mc_w.l(printfa.o)
    0x080045b8   0x080045b8   0x0000002e   Code   RO         5704    i._printf_pre_padding  mc_w.l(printfa.o)
    0x080045e6   0x080045e6   0x00000002   PAD
    0x080045e8   0x080045e8   0x00000220   Code   RO         5423    i.atan              m_ws.l(atan.o)
    0x08004808   0x08004808   0x0000019c   Code   RO         5433    i.atan2             m_ws.l(atan2.o)
    0x080049a4   0x080049a4   0x00000040   Code   RO         4029    i.char_to_hex       rc522_use.o
    0x080049e4   0x080049e4   0x00000012   Code   RO         3898    i.delay_ns          rc522.o
    0x080049f6   0x080049f6   0x00000002   PAD
    0x080049f8   0x080049f8   0x00000018   Code   RO          481    i.fputc             usart.o
    0x08004a10   0x08004a10   0x000000c0   Code   RO           16    i.main              main.o
    0x08004ad0   0x08004ad0   0x0000000c   Code   RO         4917    i.makeFreeRtosPriority  cmsis_os.o
    0x08004adc   0x08004adc   0x0000000e   Code   RO         4919    i.osDelay           cmsis_os.o
    0x08004aea   0x08004aea   0x0000000a   Code   RO         4922    i.osKernelStart     cmsis_os.o
    0x08004af4   0x08004af4   0x00000054   Code   RO         4956    i.osThreadCreate    cmsis_os.o
    0x08004b48   0x08004b48   0x00000070   Code   RO         4614    i.prvAddCurrentTaskToDelayedList  tasks.o
    0x08004bb8   0x08004bb8   0x000000d0   Code   RO         4615    i.prvAddNewTaskToReadyList  tasks.o
    0x08004c88   0x08004c88   0x00000034   Code   RO         4616    i.prvDeleteTCB      tasks.o
    0x08004cbc   0x08004cbc   0x0000004c   Code   RO         5284    i.prvHeapInit       heap_4.o
    0x08004d08   0x08004d08   0x00000060   Code   RO         4617    i.prvIdleTask       tasks.o
    0x08004d68   0x08004d68   0x0000008e   Code   RO         4618    i.prvInitialiseNewTask  tasks.o
    0x08004df6   0x08004df6   0x00000002   PAD
    0x08004df8   0x08004df8   0x0000004c   Code   RO         5285    i.prvInsertBlockIntoFreeList  heap_4.o
    0x08004e44   0x08004e44   0x00000020   Code   RO         4619    i.prvResetNextTaskUnblockTime  tasks.o
    0x08004e64   0x08004e64   0x00000028   Code   RO         5347    i.prvTaskExitError  port.o
    0x08004e8c   0x08004e8c   0x000000d8   Code   RO         5286    i.pvPortMalloc      heap_4.o
    0x08004f64   0x08004f64   0x00000024   Code   RO         5348    i.pxPortInitialiseStack  port.o
    0x08004f88   0x08004f88   0x00000058   Code   RO         4081    i.rainbowCycle      ws2812.o
    0x08004fe0   0x08004fe0   0x000001c0   Code   RO         4031    i.rc522_test        rc522_use.o
    0x080051a0   0x080051a0   0x0000004c   Code   RO         5441    i.sqrt              m_ws.l(sqrt.o)
    0x080051ec   0x080051ec   0x00000026   Code   RO         4259    i.uxListRemove      list.o
    0x08005212   0x08005212   0x00000002   PAD
    0x08005214   0x08005214   0x00000014   Code   RO          252    i.vApplicationGetIdleTaskMemory  freertos.o
    0x08005228   0x08005228   0x00000016   Code   RO         4260    i.vListInitialise   list.o
    0x0800523e   0x0800523e   0x00000006   Code   RO         4261    i.vListInitialiseItem  list.o
    0x08005244   0x08005244   0x00000030   Code   RO         4262    i.vListInsert       list.o
    0x08005274   0x08005274   0x00000018   Code   RO         4263    i.vListInsertEnd    list.o
    0x0800528c   0x0800528c   0x00000040   Code   RO         5350    i.vPortEnterCritical  port.o
    0x080052cc   0x080052cc   0x00000028   Code   RO         5351    i.vPortExitCritical  port.o
    0x080052f4   0x080052f4   0x0000005c   Code   RO         5287    i.vPortFree         heap_4.o
    0x08005350   0x08005350   0x00000024   Code   RO         5352    i.vPortSetupTimerInterrupt  port.o
    0x08005374   0x08005374   0x0000004c   Code   RO         4627    i.vTaskDelay        tasks.o
    0x080053c0   0x080053c0   0x0000006c   Code   RO         4640    i.vTaskStartScheduler  tasks.o
    0x0800542c   0x0800542c   0x00000010   Code   RO         4642    i.vTaskSuspendAll   tasks.o
    0x0800543c   0x0800543c   0x0000005c   Code   RO         4643    i.vTaskSwitchContext  tasks.o
    0x08005498   0x08005498   0x000000a8   Code   RO         5354    i.xPortStartScheduler  port.o
    0x08005540   0x08005540   0x0000005a   Code   RO         4645    i.xTaskCreate       tasks.o
    0x0800559a   0x0800559a   0x00000056   Code   RO         4646    i.xTaskCreateStatic  tasks.o
    0x080055f0   0x080055f0   0x000000c8   Code   RO         4653    i.xTaskIncrementTick  tasks.o
    0x080056b8   0x080056b8   0x000000c4   Code   RO         4659    i.xTaskResumeAll    tasks.o
    0x0800577c   0x0800577c   0x00000070   Data   RO          254    .constdata          freertos.o
    0x080057ec   0x080057ec   0x00000012   Data   RO          889    .constdata          stm32f1xx_hal_rcc.o
    0x080057fe   0x080057fe   0x00000010   Data   RO         3775    .constdata          system_stm32f1xx.o
    0x0800580e   0x0800580e   0x00000008   Data   RO         3776    .constdata          system_stm32f1xx.o
    0x08005816   0x08005816   0x00000002   PAD
    0x08005818   0x08005818   0x00000098   Data   RO         5424    .constdata          m_ws.l(atan.o)
    0x080058b0   0x080058b0   0x00000008   Data   RO         5762    .constdata          m_ws.l(qnan.o)
    0x080058b8   0x080058b8   0x0000002c   Data   RO          255    .conststring        freertos.o
    0x080058e4   0x080058e4   0x00000020   Data   RO         5806    Region$$Table       anon$$obj.o


    Execution Region RW_IRAM1 (Exec base: 0x20000000, Load base: 0x08005904, Size: 0x00001bc0, Max: 0x00005000, ABSOLUTE, COMPRESSED[0x00000030])

    Exec Addr    Load Addr    Size         Type   Attr      Idx    E Section Name        Object

    0x20000000   COMPRESSED   0x00000010   Data   RW          256    .data               freertos.o
    0x20000010   COMPRESSED   0x0000000c   Data   RW          726    .data               stm32f1xx_hal.o
    0x2000001c   COMPRESSED   0x00000004   Data   RW         3777    .data               system_stm32f1xx.o
    0x20000020   COMPRESSED   0x00000098   Data   RW         3819    .data               mpu6050.o
    0x200000b8   COMPRESSED   0x00000020   Data   RW         4033    .data               rc522_use.o
    0x200000d8   COMPRESSED   0x0000000c   Data   RW         4083    .data               ws2812.o
    0x200000e4   COMPRESSED   0x0000003c   Data   RW         4662    .data               tasks.o
    0x20000120   COMPRESSED   0x00000018   Data   RW         5292    .data               heap_4.o
    0x20000138   COMPRESSED   0x0000000c   Data   RW         5355    .data               port.o
    0x20000144   COMPRESSED   0x00000004   Data   RW         5779    .data               mc_w.l(stdout.o)
    0x20000148   COMPRESSED   0x00000004   Data   RW         5791    .data               mc_w.l(errno.o)
    0x2000014c   COMPRESSED   0x00000004   PAD
    0x20000150        -       0x000002ac   Zero   RW          253    .bss                freertos.o
    0x200003fc        -       0x00000054   Zero   RW          349    .bss                i2c.o
    0x20000450        -       0x00000058   Zero   RW          391    .bss                spi.o
    0x200004a8        -       0x000000d0   Zero   RW          434    .bss                tim.o
    0x20000578        -       0x00000048   Zero   RW          482    .bss                usart.o
    0x200005c0        -       0x00000048   Zero   RW          629    .bss                stm32f1xx_hal_timebase_tim.o
    0x20000608        -       0x0000002a   Zero   RW         4032    .bss                rc522_use.o
    0x20000632        -       0x00000498   Zero   RW         4082    .bss                ws2812.o
    0x20000aca   COMPRESSED   0x00000002   PAD
    0x20000acc        -       0x000000f0   Zero   RW         4661    .bss                tasks.o
    0x20000bbc        -       0x00000c00   Zero   RW         5291    .bss                heap_4.o
    0x200017bc   COMPRESSED   0x00000004   PAD
    0x200017c0        -       0x00000400   Zero   RW            1    STACK               startup_stm32f103xb.o


==============================================================================

Image component sizes


      Code (inc. data)   RO Data    RW Data    ZI Data      Debug   Object Name

       120          0          0          0          0      22333   cmsis_os.o
        60          4          0          0          0        758   dma.o
         0          0          0          0          0      18180   event_groups.o
       226         38        156         16        684       4245   freertos.o
       160         14          0          0          0        943   gpio.o
       460         24          0         24       3072       7203   heap_4.o
       176         30          0          0         84       1645   i2c.o
       138          0          0          0          0       3366   list.o
       310        112          0          0          0     475956   main.o
      1118         40          0        152          0       4334   mpu6050.o
       578         60          0         12          0      10292   port.o
      1186         18          0          0          0      12229   rc522.o
       512        148          0         32         42       2511   rc522_use.o
       184         24          0          0         88       1637   spi.o
        36          8        236          0       1024        800   startup_stm32f103xb.o
       100         18          0         12          0       5214   stm32f1xx_hal.o
       158         14          0          0          0      28162   stm32f1xx_hal_cortex.o
       586         32          0          0          0       3575   stm32f1xx_hal_dma.o
       490         34          0          0          0       2880   stm32f1xx_hal_gpio.o
      2370         56          0          0          0      12922   stm32f1xx_hal_i2c.o
        72         10          0          0          0        862   stm32f1xx_hal_msp.o
      1304         94         18          0          0       5709   stm32f1xx_hal_rcc.o
       888          4          0          0          0       4725   stm32f1xx_hal_spi.o
      1940         72          0          0          0      16214   stm32f1xx_hal_tim.o
       108         12          0          0          0       2385   stm32f1xx_hal_tim_ex.o
       140         22          0          0         72       1411   stm32f1xx_hal_timebase_tim.o
       558          6          0          0          0       3952   stm32f1xx_hal_uart.o
        48         18          0          0          0       3880   stm32f1xx_it.o
         0          0          0          0          0        392   stream_buffer.o
         2          0         24          4          0       1107   system_stm32f1xx.o
      1506        110          0         60        240      16046   tasks.o
       336         40          0          0        208       2419   tim.o
       192         24          0          0         72       2190   usart.o
       264         28          0         12       1176       4070   ws2812.o

    ----------------------------------------------------------------------
     16358       1114        468        324       6768     684547   Object Totals
         0          0         32          0          0          0   (incl. Generated)
        32          0          2          0          6          0   (incl. Padding)

    ----------------------------------------------------------------------

      Code (inc. data)   RO Data    RW Data    ZI Data      Debug   Library Member Name

       544         70        152          0          0        124   atan.o
       412         38          0          0          0        144   atan2.o
        26          6          0          0          0        204   dunder.o
        40          0          0          0          0         68   fpclassify.o
       170          0          0          0          0         96   poly.o
         0          0          8          0          0          0   qnan.o
        76          0          0          0          0         84   sqrt.o
        86          0          0          0          0          0   __dczerorl2.o
         0          0          0          0          0          0   entry.o
         0          0          0          0          0          0   entry10a.o
         0          0          0          0          0          0   entry11a.o
         4          0          0          0          0          0   entry12b.o
         8          4          0          0          0          0   entry2.o
         4          0          0          0          0          0   entry5.o
         0          0          0          0          0          0   entry7b.o
         0          0          0          0          0          0   entry8b.o
         8          4          0          0          0          0   entry9a.o
        12          6          0          4          0         68   errno.o
        30          0          0          0          0          0   handlers.o
        36          8          0          0          0         68   init.o
         0          0          0          0          0          0   iusefp.o
        30          0          0          0          0         68   llshl.o
        36          0          0          0          0         68   llsshr.o
        32          0          0          0          0         68   llushr.o
        36          0          0          0          0         68   memcpya.o
        36          0          0          0          0        108   memseta.o
      2218         90          0          0          0        464   printfa.o
         0          0          0          4          0          0   stdout.o
        44          0          0          0          0         80   uidiv.o
        98          0          0          0          0         92   uldiv.o
        48          0          0          0          0         68   cdcmple.o
        48          0          0          0          0         68   cdrcmple.o
       334          0          0          0          0        148   dadd.o
       222          0          0          0          0        100   ddiv.o
       186          0          0          0          0        176   depilogue.o
        48          0          0          0          0         68   dfixul.o
        34          0          0          0          0         76   dflti.o
        26          0          0          0          0         76   dfltui.o
       228          0          0          0          0         96   dmul.o
        46          0          0          0          0         80   dscalb.o
       162          0          0          0          0        100   dsqrt.o
       176          0          0          0          0        140   fadd.o
       124          0          0          0          0         88   fdiv.o
       110          0          0          0          0        168   fepilogue.o
        18          0          0          0          0         68   fflti.o

    ----------------------------------------------------------------------
      5802        226        160          8          4       3392   Library Totals
         6          0          0          0          4          0   (incl. Padding)

    ----------------------------------------------------------------------

      Code (inc. data)   RO Data    RW Data    ZI Data      Debug   Library Name

      1268        114        160          0          0        720   m_ws.l
      2718        112          0          8          0       1152   mc_w.l
      1810          0          0          0          0       1520   mf_w.l

    ----------------------------------------------------------------------
      5802        226        160          8          4       3392   Library Totals

    ----------------------------------------------------------------------

==============================================================================


      Code (inc. data)   RO Data    RW Data    ZI Data      Debug   

     22160       1340        628        332       6772     678031   Grand Totals
     22160       1340        628         48       6772     678031   ELF Image Totals (compressed)
     22160       1340        628         48          0          0   ROM Totals

==============================================================================

    Total RO  Size (Code + RO Data)                22788 (  22.25kB)
    Total RW  Size (RW Data + ZI Data)              7104 (   6.94kB)
    Total ROM Size (Code + RO Data + RW Data)      22836 (  22.30kB)

==============================================================================

